#-----------------------------------------------------------
# Vivado v2018.3 (64-bit)
# SW Build 2405991 on Thu Dec  6 23:38:27 MST 2018
# IP Build 2404404 on Fri Dec  7 01:43:56 MST 2018
# Start of session at: Sun Apr 18 21:56:51 2021
# Process ID: 14172
# Current directory: D:/addam/Git/SDUP/zynq_fft_ip_core/module_sim/fft_module
# Command line: vivado.exe -gui_launcher_event rodinguilauncherevent22600 D:\addam\Git\SDUP\zynq_fft_ip_core\module_sim\fft_module\fft_module.xpr
# Log file: D:/addam/Git/SDUP/zynq_fft_ip_core/module_sim/fft_module/vivado.log
# Journal file: D:/addam/Git/SDUP/zynq_fft_ip_core/module_sim/fft_module\vivado.jou
#-----------------------------------------------------------
start_gui
open_project D:/addam/Git/SDUP/zynq_fft_ip_core/module_sim/fft_module/fft_module.xpr
update_compile_order -fileset sources_1
launch_simulation
launch_simulation
launch_simulation
source butterfly_tb.tcl
relaunch_sim
close_sim
launch_simulation
source butterfly_tb.tcl
close_sim
launch_simulation
launch_simulation
source butterfly_tb.tcl
close_sim
launch_simulation
launch_simulation
source butterfly_tb.tcl
relaunch_sim
close_sim
launch_simulation
source butterfly_tb.tcl
close_sim
launch_simulation
source butterfly_tb.tcl
relaunch_sim
relaunch_sim
close_sim
launch_simulation
source butterfly_tb.tcl
relaunch_sim
save_wave_config {D:/addam/Git/SDUP/zynq_fft_ip_core/module_sim/fft_module/fft_block_test_01.wcfg}
close_sim
