#-----------------------------------------------------------
# Vivado v2018.3 (64-bit)
# SW Build 2405991 on Thu Dec  6 23:38:27 MST 2018
# IP Build 2404404 on Fri Dec  7 01:43:56 MST 2018
# Start of session at: Sat Jun 12 17:50:37 2021
# Process ID: 23248
# Current directory: D:/addam/Git/SDUP/zynq_fft_ip_core/module_sim/fft_module
# Command line: vivado.exe -gui_launcher_event rodinguilauncherevent19880 D:\addam\Git\SDUP\zynq_fft_ip_core\module_sim\fft_module\fft_module.xpr
# Log file: D:/addam/Git/SDUP/zynq_fft_ip_core/module_sim/fft_module/vivado.log
# Journal file: D:/addam/Git/SDUP/zynq_fft_ip_core/module_sim/fft_module\vivado.jou
#-----------------------------------------------------------
start_gui
open_project D:/addam/Git/SDUP/zynq_fft_ip_core/module_sim/fft_module/fft_module.xpr
update_compile_order -fileset sources_1
launch_sdk -workspace D:/addam/Git/SDUP/zynq_fft_ip_core/module_sim/fft_module/fft_module.sdk -hwspec D:/addam/Git/SDUP/zynq_fft_ip_core/module_sim/fft_module/fft_module.sdk/FFT_Zynq_Axi_Lite_wrapper.hdf
launch_sdk -workspace D:/addam/Git/SDUP/zynq_fft_ip_core/module_sim/fft_module/fft_module.sdk -hwspec D:/addam/Git/SDUP/zynq_fft_ip_core/module_sim/fft_module/fft_module.sdk/FFT_Zynq_Axi_Lite_wrapper.hdf
