#-----------------------------------------------------------
# Vivado v2018.3 (64-bit)
# SW Build 2405991 on Thu Dec  6 23:38:27 MST 2018
# IP Build 2404404 on Fri Dec  7 01:43:56 MST 2018
# Start of session at: Sat Jun 12 18:32:41 2021
# Process ID: 19128
# Current directory: C:/Users/Vrael/Desktop/FFT_Project/module_sim/fft_module
# Command line: vivado.exe -gui_launcher_event rodinguilauncherevent11648 C:\Users\Vrael\Desktop\FFT_Project\module_sim\fft_module\fft_module.xpr
# Log file: C:/Users/Vrael/Desktop/FFT_Project/module_sim/fft_module/vivado.log
# Journal file: C:/Users/Vrael/Desktop/FFT_Project/module_sim/fft_module\vivado.jou
#-----------------------------------------------------------
start_gui
open_project C:/Users/Vrael/Desktop/FFT_Project/module_sim/fft_module/fft_module.xpr
export_ip_user_files -of_objects  [get_files C:/Users/Vrael/Desktop/FFT_Project/module_sim/fft_module/fft_module.srcs/sources_1/bd/FFT_Microblaze/ip/FFT_Microblaze_FFT_Butterfly_Axi_Li_0_0_1/src/Phase_Re_Factor_ROM_Memory/Phase_Cos_Re_Factors_ROM_Init.coe] -no_script -reset -force -quiet
export_ip_user_files -of_objects  [get_files C:/Users/Vrael/Desktop/FFT_Project/module_sim/fft_module/fft_module.srcs/sources_1/bd/FFT_Microblaze/ip/FFT_Microblaze_FFT_Butterfly_Axi_Li_0_0_1/src/Phase_Im_Factor_ROM_Memory/Phase_Sin_Im_Factors_ROM_Init.coe] -no_script -reset -force -quiet
remove_files  {C:/Users/Vrael/Desktop/FFT_Project/module_sim/fft_module/fft_module.srcs/sources_1/bd/FFT_Microblaze/ip/FFT_Microblaze_FFT_Butterfly_Axi_Li_0_0_1/src/Phase_Re_Factor_ROM_Memory/Phase_Cos_Re_Factors_ROM_Init.coe C:/Users/Vrael/Desktop/FFT_Project/module_sim/fft_module/fft_module.srcs/sources_1/bd/FFT_Microblaze/ip/FFT_Microblaze_FFT_Butterfly_Axi_Li_0_0_1/src/Phase_Im_Factor_ROM_Memory/Phase_Sin_Im_Factors_ROM_Init.coe}
open_bd_design {C:/Users/Vrael/Desktop/FFT_Project/module_sim/fft_module/fft_module.srcs/sources_1/bd/FFT_Butterfly_Microblaze/FFT_Butterfly_Microblaze.bd}
validate_bd_design -force
save_bd_design
generate_target all [get_files  C:/Users/Vrael/Desktop/FFT_Project/module_sim/fft_module/fft_module.srcs/sources_1/bd/FFT_Butterfly_Microblaze/FFT_Butterfly_Microblaze.bd]
catch { config_ip_cache -export [get_ips -all FFT_Butterfly_Microblaze_FFT_Butterfly_Axi_Li_0_0] }
catch { config_ip_cache -export [get_ips -all FFT_Butterfly_Microblaze_microblaze_0_0] }
catch { config_ip_cache -export [get_ips -all FFT_Butterfly_Microblaze_dlmb_v10_0] }
catch { config_ip_cache -export [get_ips -all FFT_Butterfly_Microblaze_ilmb_v10_0] }
catch { config_ip_cache -export [get_ips -all FFT_Butterfly_Microblaze_dlmb_bram_if_cntlr_0] }
catch { config_ip_cache -export [get_ips -all FFT_Butterfly_Microblaze_ilmb_bram_if_cntlr_0] }
catch { config_ip_cache -export [get_ips -all FFT_Butterfly_Microblaze_lmb_bram_0] }
catch { config_ip_cache -export [get_ips -all FFT_Butterfly_Microblaze_mdm_1_0] }
catch { config_ip_cache -export [get_ips -all FFT_Butterfly_Microblaze_clk_wiz_1_0] }
catch { config_ip_cache -export [get_ips -all FFT_Butterfly_Microblaze_rst_clk_wiz_1_100M_0] }
export_ip_user_files -of_objects [get_files C:/Users/Vrael/Desktop/FFT_Project/module_sim/fft_module/fft_module.srcs/sources_1/bd/FFT_Butterfly_Microblaze/FFT_Butterfly_Microblaze.bd] -no_script -sync -force -quiet
create_ip_run [get_files -of_objects [get_fileset sources_1] C:/Users/Vrael/Desktop/FFT_Project/module_sim/fft_module/fft_module.srcs/sources_1/bd/FFT_Butterfly_Microblaze/FFT_Butterfly_Microblaze.bd]
launch_runs -jobs 6 FFT_Butterfly_Microblaze_lmb_bram_0_synth_1
export_simulation -of_objects [get_files C:/Users/Vrael/Desktop/FFT_Project/module_sim/fft_module/fft_module.srcs/sources_1/bd/FFT_Butterfly_Microblaze/FFT_Butterfly_Microblaze.bd] -directory C:/Users/Vrael/Desktop/FFT_Project/module_sim/fft_module/fft_module.ip_user_files/sim_scripts -ip_user_files_dir C:/Users/Vrael/Desktop/FFT_Project/module_sim/fft_module/fft_module.ip_user_files -ipstatic_source_dir C:/Users/Vrael/Desktop/FFT_Project/module_sim/fft_module/fft_module.ip_user_files/ipstatic -lib_map_path [list {modelsim=C:/Users/Vrael/Desktop/FFT_Project/module_sim/fft_module/fft_module.cache/compile_simlib/modelsim} {questa=C:/Users/Vrael/Desktop/FFT_Project/module_sim/fft_module/fft_module.cache/compile_simlib/questa} {riviera=C:/Users/Vrael/Desktop/FFT_Project/module_sim/fft_module/fft_module.cache/compile_simlib/riviera} {activehdl=C:/Users/Vrael/Desktop/FFT_Project/module_sim/fft_module/fft_module.cache/compile_simlib/activehdl}] -use_ip_compiled_libs -force -quiet
file mkdir C:/Users/Vrael/Desktop/FFT_Project/module_sim/fft_module/fft_module.sdk
write_hwdef -force  -file C:/Users/Vrael/Desktop/FFT_Project/module_sim/fft_module/fft_module.sdk/FFT_Butterfly_Microblaze_wrapper.hdf
launch_sdk -workspace C:/Users/Vrael/Desktop/FFT_Project/module_sim/fft_module/fft_module.sdk -hwspec C:/Users/Vrael/Desktop/FFT_Project/module_sim/fft_module/fft_module.sdk/FFT_Butterfly_Microblaze_wrapper.hdf
add_files -norecurse C:/Users/Vrael/Desktop/FFT_Project/module_sim/fft_module/fft_module.sdk/FFT_Butterfly_Microblaze_App/Debug/FFT_Butterfly_Microblaze_App.elf
set_property used_in_simulation 0 [get_files C:/Users/Vrael/Desktop/FFT_Project/module_sim/fft_module/fft_module.sdk/FFT_Butterfly_Microblaze_App/Debug/FFT_Butterfly_Microblaze_App.elf]
add_files -fileset sim_1 -norecurse C:/Users/Vrael/Desktop/FFT_Project/module_sim/fft_module/fft_module.sdk/FFT_Butterfly_Microblaze_App/Debug/FFT_Butterfly_Microblaze_App.elf
set_property SCOPED_TO_REF "" [get_files -all -of_objects [get_fileset sim_1] {C:/Users/Vrael/Desktop/FFT_Project/module_sim/fft_module/fft_module.sdk/FFT_Microblaze_App/Debug/FFT_Microblaze_App.elf}]
set_property SCOPED_TO_CELLS { } [get_files -all -of_objects [get_fileset sim_1] {C:/Users/Vrael/Desktop/FFT_Project/module_sim/fft_module/fft_module.sdk/FFT_Microblaze_App/Debug/FFT_Microblaze_App.elf}]
set_property SCOPED_TO_REF FFT_Butterfly_Microblaze [get_files -all -of_objects [get_fileset sources_1] {C:/Users/Vrael/Desktop/FFT_Project/module_sim/fft_module/fft_module.sdk/FFT_Butterfly_Microblaze_App/Debug/FFT_Butterfly_Microblaze_App.elf}]
set_property SCOPED_TO_CELLS { microblaze_0 } [get_files -all -of_objects [get_fileset sources_1] {C:/Users/Vrael/Desktop/FFT_Project/module_sim/fft_module/fft_module.sdk/FFT_Butterfly_Microblaze_App/Debug/FFT_Butterfly_Microblaze_App.elf}]
set_property SCOPED_TO_REF FFT_Butterfly_Microblaze [get_files -all -of_objects [get_fileset sim_1] {C:/Users/Vrael/Desktop/FFT_Project/module_sim/fft_module/fft_module.sdk/FFT_Butterfly_Microblaze_App/Debug/FFT_Butterfly_Microblaze_App.elf}]
set_property SCOPED_TO_CELLS { microblaze_0 } [get_files -all -of_objects [get_fileset sim_1] {C:/Users/Vrael/Desktop/FFT_Project/module_sim/fft_module/fft_module.sdk/FFT_Butterfly_Microblaze_App/Debug/FFT_Butterfly_Microblaze_App.elf}]
launch_simulation
source FFT_Microblaze_Tb.tcl
run 10 us
run 10 us
close_sim
reset_run Phase_Re_Factor_ROM_Memory_synth_1
reset_run Phase_Im_Factor_ROM_Memory_synth_1
reset_run synth_1
launch_runs synth_1 -jobs 6
wait_on_run synth_1
export_ip_user_files -of_objects  [get_files C:/Users/Vrael/Desktop/FFT_Project/module_sim/fft_module/fft_module.sdk/FFT_Microblaze_App/Debug/FFT_Microblaze_App.elf] -no_script -reset -force -quiet
remove_files  -fileset sim_1 C:/Users/Vrael/Desktop/FFT_Project/module_sim/fft_module/fft_module.sdk/FFT_Microblaze_App/Debug/FFT_Microblaze_App.elf
launch_simulation -mode post-synthesis -type functional
launch_simulation -mode post-synthesis -type functional
launch_simulation -mode post-synthesis -type functional
