21:30:21 **** Auto Build of configuration Debug for project FFT_Butterfly_Axi_Lite_App ****
make pre-build main-build 
a9-linaro-pre-build-step
' '
'Building file: ../src/main.cc'
'Invoking: ARM v7 g++ compiler'
arm-none-eabi-g++ -Wall -O0 -g3 -c -fmessage-length=0 -MT"src/main.o" -mcpu=cortex-a9 -mfpu=vfpv3 -mfloat-abi=hard -I../../FFT_Butterfly_Axi_Lite_App_bsp/ps7_cortexa9_0/include -MMD -MP -MF"src/main.d" -MT"src/main.o" -o "src/main.o" "../src/main.cc"
../src/main.cc: In function 'int main()':
../src/main.cc:15:6: warning: unused variable 'result' [-Wunused-variable]
  u32 result;
      ^~~~~~
../src/main.cc:17:10: warning: variable 'Data_Output' set but not used [-Wunused-but-set-variable]
  int32_t Data_Output[16];
          ^~~~~~~~~~~
'Finished building: ../src/main.cc'
' '
'Building target: FFT_Butterfly_Axi_Lite_App.elf'
'Invoking: ARM v7 g++ linker'
arm-none-eabi-g++ -mcpu=cortex-a9 -mfpu=vfpv3 -mfloat-abi=hard -Wl,-build-id=none -specs=Xilinx.spec -Wl,-T -Wl,../src/lscript.ld -L../../FFT_Butterfly_Axi_Lite_App_bsp/ps7_cortexa9_0/lib -o "FFT_Butterfly_Axi_Lite_App.elf"  ./src/main.o   -Wl,--start-group,-lxil,-lgcc,-lc,-lstdc++,--end-group
'Finished building target: FFT_Butterfly_Axi_Lite_App.elf'
' '
'Invoking: ARM v7 Print Size'
arm-none-eabi-size FFT_Butterfly_Axi_Lite_App.elf  |tee "FFT_Butterfly_Axi_Lite_App.elf.size"
   text	   data	    bss	    dec	    hex	filename
  19352	   1144	  22576	  43072	   a840	FFT_Butterfly_Axi_Lite_App.elf
'Finished building: FFT_Butterfly_Axi_Lite_App.elf.size'
' '

21:30:22 Build Finished (took 981ms)

