21:50:14 **** Build of project fft_project_bsp ****
make -k all 
"Running Make include in ps7_cortexa9_0/libsrc/coresightps_dcc_v1_4/src"
make -C ps7_cortexa9_0/libsrc/coresightps_dcc_v1_4/src -s include  "SHELL=CMD" "COMPILER=arm-none-eabi-gcc" "ARCHIVER=arm-none-eabi-ar" "COMPILER_FLAGS=  -O2 -c" "EXTRA_COMPILER_FLAGS=-mcpu=cortex-a9 -mfpu=vfpv3 -mfloat-abi=hard -nostartfiles -g -Wall -Wextra"
"Running Make include in ps7_cortexa9_0/libsrc/cpu_cortexa9_v2_7/src"
make -C ps7_cortexa9_0/libsrc/cpu_cortexa9_v2_7/src -s include  "SHELL=CMD" "COMPILER=arm-none-eabi-gcc" "ARCHIVER=arm-none-eabi-ar" "COMPILER_FLAGS=  -O2 -c" "EXTRA_COMPILER_FLAGS=-mcpu=cortex-a9 -mfpu=vfpv3 -mfloat-abi=hard -nostartfiles -g -Wall -Wextra"
"Running Make include in ps7_cortexa9_0/libsrc/ddrps_v1_0/src"
make -C ps7_cortexa9_0/libsrc/ddrps_v1_0/src -s include  "SHELL=CMD" "COMPILER=arm-none-eabi-gcc" "ARCHIVER=arm-none-eabi-ar" "COMPILER_FLAGS=  -O2 -c" "EXTRA_COMPILER_FLAGS=-mcpu=cortex-a9 -mfpu=vfpv3 -mfloat-abi=hard -nostartfiles -g -Wall -Wextra"
"Running Make include in ps7_cortexa9_0/libsrc/devcfg_v3_5/src"
make -C ps7_cortexa9_0/libsrc/devcfg_v3_5/src -s include  "SHELL=CMD" "COMPILER=arm-none-eabi-gcc" "ARCHIVER=arm-none-eabi-ar" "COMPILER_FLAGS=  -O2 -c" "EXTRA_COMPILER_FLAGS=-mcpu=cortex-a9 -mfpu=vfpv3 -mfloat-abi=hard -nostartfiles -g -Wall -Wextra"
"Running Make include in ps7_cortexa9_0/libsrc/dmaps_v2_4/src"
make -C ps7_cortexa9_0/libsrc/dmaps_v2_4/src -s include  "SHELL=CMD" "COMPILER=arm-none-eabi-gcc" "ARCHIVER=arm-none-eabi-ar" "COMPILER_FLAGS=  -O2 -c" "EXTRA_COMPILER_FLAGS=-mcpu=cortex-a9 -mfpu=vfpv3 -mfloat-abi=hard -nostartfiles -g -Wall -Wextra"
"Running Make include in ps7_cortexa9_0/libsrc/emacps_v3_8/src"
make -C ps7_cortexa9_0/libsrc/emacps_v3_8/src -s include  "SHELL=CMD" "COMPILER=arm-none-eabi-gcc" "ARCHIVER=arm-none-eabi-ar" "COMPILER_FLAGS=  -O2 -c" "EXTRA_COMPILER_FLAGS=-mcpu=cortex-a9 -mfpu=vfpv3 -mfloat-abi=hard -nostartfiles -g -Wall -Wextra"
"Running Make include in ps7_cortexa9_0/libsrc/FFT_Butterfly_Axi_Lite_v1_0/src"
make -C ps7_cortexa9_0/libsrc/FFT_Butterfly_Axi_Lite_v1_0/src -s include  "SHELL=CMD" "COMPILER=arm-none-eabi-gcc" "ARCHIVER=arm-none-eabi-ar" "COMPILER_FLAGS=  -O2 -c" "EXTRA_COMPILER_FLAGS=-mcpu=cortex-a9 -mfpu=vfpv3 -mfloat-abi=hard -nostartfiles -g -Wall -Wextra"
"Running Make include in ps7_cortexa9_0/libsrc/gpiops_v3_4/src"
make -C ps7_cortexa9_0/libsrc/gpiops_v3_4/src -s include  "SHELL=CMD" "COMPILER=arm-none-eabi-gcc" "ARCHIVER=arm-none-eabi-ar" "COMPILER_FLAGS=  -O2 -c" "EXTRA_COMPILER_FLAGS=-mcpu=cortex-a9 -mfpu=vfpv3 -mfloat-abi=hard -nostartfiles -g -Wall -Wextra"
"Running Make include in ps7_cortexa9_0/libsrc/qspips_v3_5/src"
make -C ps7_cortexa9_0/libsrc/qspips_v3_5/src -s include  "SHELL=CMD" "COMPILER=arm-none-eabi-gcc" "ARCHIVER=arm-none-eabi-ar" "COMPILER_FLAGS=  -O2 -c" "EXTRA_COMPILER_FLAGS=-mcpu=cortex-a9 -mfpu=vfpv3 -mfloat-abi=hard -nostartfiles -g -Wall -Wextra"
"Running Make include in ps7_cortexa9_0/libsrc/scugic_v3_10/src"
make -C ps7_cortexa9_0/libsrc/scugic_v3_10/src -s include  "SHELL=CMD" "COMPILER=arm-none-eabi-gcc" "ARCHIVER=arm-none-eabi-ar" "COMPILER_FLAGS=  -O2 -c" "EXTRA_COMPILER_FLAGS=-mcpu=cortex-a9 -mfpu=vfpv3 -mfloat-abi=hard -nostartfiles -g -Wall -Wextra"
"Running Make include in ps7_cortexa9_0/libsrc/scutimer_v2_1/src"
make -C ps7_cortexa9_0/libsrc/scutimer_v2_1/src -s include  "SHELL=CMD" "COMPILER=arm-none-eabi-gcc" "ARCHIVER=arm-none-eabi-ar" "COMPILER_FLAGS=  -O2 -c" "EXTRA_COMPILER_FLAGS=-mcpu=cortex-a9 -mfpu=vfpv3 -mfloat-abi=hard -nostartfiles -g -Wall -Wextra"
"Running Make include in ps7_cortexa9_0/libsrc/scuwdt_v2_1/src"
make -C ps7_cortexa9_0/libsrc/scuwdt_v2_1/src -s include  "SHELL=CMD" "COMPILER=arm-none-eabi-gcc" "ARCHIVER=arm-none-eabi-ar" "COMPILER_FLAGS=  -O2 -c" "EXTRA_COMPILER_FLAGS=-mcpu=cortex-a9 -mfpu=vfpv3 -mfloat-abi=hard -nostartfiles -g -Wall -Wextra"
"Running Make include in ps7_cortexa9_0/libsrc/sdps_v3_6/src"
make -C ps7_cortexa9_0/libsrc/sdps_v3_6/src -s include  "SHELL=CMD" "COMPILER=arm-none-eabi-gcc" "ARCHIVER=arm-none-eabi-ar" "COMPILER_FLAGS=  -O2 -c" "EXTRA_COMPILER_FLAGS=-mcpu=cortex-a9 -mfpu=vfpv3 -mfloat-abi=hard -nostartfiles -g -Wall -Wextra"
"Running Make include in ps7_cortexa9_0/libsrc/standalone_v6_8/src"
make -C ps7_cortexa9_0/libsrc/standalone_v6_8/src -s include  "SHELL=CMD" "COMPILER=arm-none-eabi-gcc" "ARCHIVER=arm-none-eabi-ar" "COMPILER_FLAGS=  -O2 -c" "EXTRA_COMPILER_FLAGS=-mcpu=cortex-a9 -mfpu=vfpv3 -mfloat-abi=hard -nostartfiles -g -Wall -Wextra"
"Running Make include in ps7_cortexa9_0/libsrc/ttcps_v3_7/src"
make -C ps7_cortexa9_0/libsrc/ttcps_v3_7/src -s include  "SHELL=CMD" "COMPILER=arm-none-eabi-gcc" "ARCHIVER=arm-none-eabi-ar" "COMPILER_FLAGS=  -O2 -c" "EXTRA_COMPILER_FLAGS=-mcpu=cortex-a9 -mfpu=vfpv3 -mfloat-abi=hard -nostartfiles -g -Wall -Wextra"
"Running Make include in ps7_cortexa9_0/libsrc/uartps_v3_7/src"
make -C ps7_cortexa9_0/libsrc/uartps_v3_7/src -s include  "SHELL=CMD" "COMPILER=arm-none-eabi-gcc" "ARCHIVER=arm-none-eabi-ar" "COMPILER_FLAGS=  -O2 -c" "EXTRA_COMPILER_FLAGS=-mcpu=cortex-a9 -mfpu=vfpv3 -mfloat-abi=hard -nostartfiles -g -Wall -Wextra"
"Running Make include in ps7_cortexa9_0/libsrc/usbps_v2_4/src"
make -C ps7_cortexa9_0/libsrc/usbps_v2_4/src -s include  "SHELL=CMD" "COMPILER=arm-none-eabi-gcc" "ARCHIVER=arm-none-eabi-ar" "COMPILER_FLAGS=  -O2 -c" "EXTRA_COMPILER_FLAGS=-mcpu=cortex-a9 -mfpu=vfpv3 -mfloat-abi=hard -nostartfiles -g -Wall -Wextra"
"Running Make include in ps7_cortexa9_0/libsrc/xadcps_v2_3/src"
make -C ps7_cortexa9_0/libsrc/xadcps_v2_3/src -s include  "SHELL=CMD" "COMPILER=arm-none-eabi-gcc" "ARCHIVER=arm-none-eabi-ar" "COMPILER_FLAGS=  -O2 -c" "EXTRA_COMPILER_FLAGS=-mcpu=cortex-a9 -mfpu=vfpv3 -mfloat-abi=hard -nostartfiles -g -Wall -Wextra"
"Running Make libs in ps7_cortexa9_0/libsrc/coresightps_dcc_v1_4/src"
make -C ps7_cortexa9_0/libsrc/coresightps_dcc_v1_4/src -s libs  "SHELL=CMD" "COMPILER=arm-none-eabi-gcc" "ARCHIVER=arm-none-eabi-ar" "COMPILER_FLAGS=  -O2 -c" "EXTRA_COMPILER_FLAGS=-mcpu=cortex-a9 -mfpu=vfpv3 -mfloat-abi=hard -nostartfiles -g -Wall -Wextra"
"Compiling coresightps_dcc"
arm-none-eabi-ar: creating ../../../lib/libxil.a
"Running Make libs in ps7_cortexa9_0/libsrc/cpu_cortexa9_v2_7/src"
make -C ps7_cortexa9_0/libsrc/cpu_cortexa9_v2_7/src -s libs  "SHELL=CMD" "COMPILER=arm-none-eabi-gcc" "ARCHIVER=arm-none-eabi-ar" "COMPILER_FLAGS=  -O2 -c" "EXTRA_COMPILER_FLAGS=-mcpu=cortex-a9 -mfpu=vfpv3 -mfloat-abi=hard -nostartfiles -g -Wall -Wextra"
"Compiling cpu_cortexa9"
"Running Make libs in ps7_cortexa9_0/libsrc/ddrps_v1_0/src"
make -C ps7_cortexa9_0/libsrc/ddrps_v1_0/src -s libs  "SHELL=CMD" "COMPILER=arm-none-eabi-gcc" "ARCHIVER=arm-none-eabi-ar" "COMPILER_FLAGS=  -O2 -c" "EXTRA_COMPILER_FLAGS=-mcpu=cortex-a9 -mfpu=vfpv3 -mfloat-abi=hard -nostartfiles -g -Wall -Wextra"
"Compiling ddrps"
"Running Make libs in ps7_cortexa9_0/libsrc/devcfg_v3_5/src"
make -C ps7_cortexa9_0/libsrc/devcfg_v3_5/src -s libs  "SHELL=CMD" "COMPILER=arm-none-eabi-gcc" "ARCHIVER=arm-none-eabi-ar" "COMPILER_FLAGS=  -O2 -c" "EXTRA_COMPILER_FLAGS=-mcpu=cortex-a9 -mfpu=vfpv3 -mfloat-abi=hard -nostartfiles -g -Wall -Wextra"
"Compiling devcfg"
"Running Make libs in ps7_cortexa9_0/libsrc/dmaps_v2_4/src"
make -C ps7_cortexa9_0/libsrc/dmaps_v2_4/src -s libs  "SHELL=CMD" "COMPILER=arm-none-eabi-gcc" "ARCHIVER=arm-none-eabi-ar" "COMPILER_FLAGS=  -O2 -c" "EXTRA_COMPILER_FLAGS=-mcpu=cortex-a9 -mfpu=vfpv3 -mfloat-abi=hard -nostartfiles -g -Wall -Wextra"
"Compiling dmaps"
"Running Make libs in ps7_cortexa9_0/libsrc/emacps_v3_8/src"
make -C ps7_cortexa9_0/libsrc/emacps_v3_8/src -s libs  "SHELL=CMD" "COMPILER=arm-none-eabi-gcc" "ARCHIVER=arm-none-eabi-ar" "COMPILER_FLAGS=  -O2 -c" "EXTRA_COMPILER_FLAGS=-mcpu=cortex-a9 -mfpu=vfpv3 -mfloat-abi=hard -nostartfiles -g -Wall -Wextra"
"Compiling emacps"
"Running Make libs in ps7_cortexa9_0/libsrc/FFT_Butterfly_Axi_Lite_v1_0/src"
make -C ps7_cortexa9_0/libsrc/FFT_Butterfly_Axi_Lite_v1_0/src -s libs  "SHELL=CMD" "COMPILER=arm-none-eabi-gcc" "ARCHIVER=arm-none-eabi-ar" "COMPILER_FLAGS=  -O2 -c" "EXTRA_COMPILER_FLAGS=-mcpu=cortex-a9 -mfpu=vfpv3 -mfloat-abi=hard -nostartfiles -g -Wall -Wextra"
"Compiling FFT_Butterfly_Axi_Lite..."
FFT_Butterfly_Axi_Lite_selftest.c: In function 'FFT_BUTTERFLY_AXI_LITE_Reg_SelfTest':
FFT_Butterfly_Axi_Lite_selftest.c:52:71: warning: comparison between signed and unsigned integer expressions [-Wsign-compare]
    if ( FFT_BUTTERFLY_AXI_LITE_mReadReg (baseaddr, read_loop_index*4) != (read_loop_index+1)*READ_WRITE_MUL_FACTOR){
                                                                       ^~
FFT_Butterfly_Axi_Lite_selftest.c:36:6: warning: unused variable 'Index' [-Wunused-variable]
  int Index;
      ^~~~~
"Running Make libs in ps7_cortexa9_0/libsrc/gpiops_v3_4/src"
make -C ps7_cortexa9_0/libsrc/gpiops_v3_4/src -s libs  "SHELL=CMD" "COMPILER=arm-none-eabi-gcc" "ARCHIVER=arm-none-eabi-ar" "COMPILER_FLAGS=  -O2 -c" "EXTRA_COMPILER_FLAGS=-mcpu=cortex-a9 -mfpu=vfpv3 -mfloat-abi=hard -nostartfiles -g -Wall -Wextra"
"Compiling gpiops"
"Running Make libs in ps7_cortexa9_0/libsrc/qspips_v3_5/src"
make -C ps7_cortexa9_0/libsrc/qspips_v3_5/src -s libs  "SHELL=CMD" "COMPILER=arm-none-eabi-gcc" "ARCHIVER=arm-none-eabi-ar" "COMPILER_FLAGS=  -O2 -c" "EXTRA_COMPILER_FLAGS=-mcpu=cortex-a9 -mfpu=vfpv3 -mfloat-abi=hard -nostartfiles -g -Wall -Wextra"
"Compiling qspips"
"Running Make libs in ps7_cortexa9_0/libsrc/scugic_v3_10/src"
make -C ps7_cortexa9_0/libsrc/scugic_v3_10/src -s libs  "SHELL=CMD" "COMPILER=arm-none-eabi-gcc" "ARCHIVER=arm-none-eabi-ar" "COMPILER_FLAGS=  -O2 -c" "EXTRA_COMPILER_FLAGS=-mcpu=cortex-a9 -mfpu=vfpv3 -mfloat-abi=hard -nostartfiles -g -Wall -Wextra"
"Compiling scugic"
"Running Make libs in ps7_cortexa9_0/libsrc/scutimer_v2_1/src"
make -C ps7_cortexa9_0/libsrc/scutimer_v2_1/src -s libs  "SHELL=CMD" "COMPILER=arm-none-eabi-gcc" "ARCHIVER=arm-none-eabi-ar" "COMPILER_FLAGS=  -O2 -c" "EXTRA_COMPILER_FLAGS=-mcpu=cortex-a9 -mfpu=vfpv3 -mfloat-abi=hard -nostartfiles -g -Wall -Wextra"
"Compiling scutimer"
"Running Make libs in ps7_cortexa9_0/libsrc/scuwdt_v2_1/src"
make -C ps7_cortexa9_0/libsrc/scuwdt_v2_1/src -s libs  "SHELL=CMD" "COMPILER=arm-none-eabi-gcc" "ARCHIVER=arm-none-eabi-ar" "COMPILER_FLAGS=  -O2 -c" "EXTRA_COMPILER_FLAGS=-mcpu=cortex-a9 -mfpu=vfpv3 -mfloat-abi=hard -nostartfiles -g -Wall -Wextra"
"Compiling scuwdt"
"Running Make libs in ps7_cortexa9_0/libsrc/sdps_v3_6/src"
make -C ps7_cortexa9_0/libsrc/sdps_v3_6/src -s libs  "SHELL=CMD" "COMPILER=arm-none-eabi-gcc" "ARCHIVER=arm-none-eabi-ar" "COMPILER_FLAGS=  -O2 -c" "EXTRA_COMPILER_FLAGS=-mcpu=cortex-a9 -mfpu=vfpv3 -mfloat-abi=hard -nostartfiles -g -Wall -Wextra"
"Compiling sdps"
"Running Make libs in ps7_cortexa9_0/libsrc/standalone_v6_8/src"
make -C ps7_cortexa9_0/libsrc/standalone_v6_8/src -s libs  "SHELL=CMD" "COMPILER=arm-none-eabi-gcc" "ARCHIVER=arm-none-eabi-ar" "COMPILER_FLAGS=  -O2 -c" "EXTRA_COMPILER_FLAGS=-mcpu=cortex-a9 -mfpu=vfpv3 -mfloat-abi=hard -nostartfiles -g -Wall -Wextra"
"Compiling standalone"
In file included from usleep.c:56:0:
xtime_l.h:87:9: note: #pragma message: For the sleep routines, Global timer is being used
 #pragma message ("For the sleep routines, Global timer is being used")
         ^~~~~~~
In file included from xil_sleeptimer.c:51:0:
xtime_l.h:87:9: note: #pragma message: For the sleep routines, Global timer is being used
 #pragma message ("For the sleep routines, Global timer is being used")
         ^~~~~~~
In file included from xtime_l.c:49:0:
xtime_l.h:87:9: note: #pragma message: For the sleep routines, Global timer is being used
 #pragma message ("For the sleep routines, Global timer is being used")
         ^~~~~~~
In file included from sleep.c:53:0:
xtime_l.h:87:9: note: #pragma message: For the sleep routines, Global timer is being used
 #pragma message ("For the sleep routines, Global timer is being used")
         ^~~~~~~
"Running Make libs in ps7_cortexa9_0/libsrc/ttcps_v3_7/src"
make -C ps7_cortexa9_0/libsrc/ttcps_v3_7/src -s libs  "SHELL=CMD" "COMPILER=arm-none-eabi-gcc" "ARCHIVER=arm-none-eabi-ar" "COMPILER_FLAGS=  -O2 -c" "EXTRA_COMPILER_FLAGS=-mcpu=cortex-a9 -mfpu=vfpv3 -mfloat-abi=hard -nostartfiles -g -Wall -Wextra"
"Compiling ttcps"
"Running Make libs in ps7_cortexa9_0/libsrc/uartps_v3_7/src"
make -C ps7_cortexa9_0/libsrc/uartps_v3_7/src -s libs  "SHELL=CMD" "COMPILER=arm-none-eabi-gcc" "ARCHIVER=arm-none-eabi-ar" "COMPILER_FLAGS=  -O2 -c" "EXTRA_COMPILER_FLAGS=-mcpu=cortex-a9 -mfpu=vfpv3 -mfloat-abi=hard -nostartfiles -g -Wall -Wextra"
"Compiling uartps"
"Running Make libs in ps7_cortexa9_0/libsrc/usbps_v2_4/src"
make -C ps7_cortexa9_0/libsrc/usbps_v2_4/src -s libs  "SHELL=CMD" "COMPILER=arm-none-eabi-gcc" "ARCHIVER=arm-none-eabi-ar" "COMPILER_FLAGS=  -O2 -c" "EXTRA_COMPILER_FLAGS=-mcpu=cortex-a9 -mfpu=vfpv3 -mfloat-abi=hard -nostartfiles -g -Wall -Wextra"
"Compiling usbps"
"Running Make libs in ps7_cortexa9_0/libsrc/xadcps_v2_3/src"
make -C ps7_cortexa9_0/libsrc/xadcps_v2_3/src -s libs  "SHELL=CMD" "COMPILER=arm-none-eabi-gcc" "ARCHIVER=arm-none-eabi-ar" "COMPILER_FLAGS=  -O2 -c" "EXTRA_COMPILER_FLAGS=-mcpu=cortex-a9 -mfpu=vfpv3 -mfloat-abi=hard -nostartfiles -g -Wall -Wextra"
"Compiling xadcps"
'Finished building libraries'
21:50:35 **** Build of configuration Debug for project fft_project ****
make pre-build main-build 
a9-linaro-pre-build-step
' '
'Building file: ../src/main.cc'
'Invoking: ARM v7 g++ compiler'
arm-none-eabi-g++ -Wall -O0 -g3 -c -fmessage-length=0 -MT"src/main.o" -mcpu=cortex-a9 -mfpu=vfpv3 -mfloat-abi=hard -I../../fft_project_bsp/ps7_cortexa9_0/include -MMD -MP -MF"src/main.d" -MT"src/main.o" -o "src/main.o" "../src/main.cc"
'Finished building: ../src/main.cc'
' '
'Building target: fft_project.elf'
'Invoking: ARM v7 g++ linker'
arm-none-eabi-g++ -mcpu=cortex-a9 -mfpu=vfpv3 -mfloat-abi=hard -Wl,-build-id=none -specs=Xilinx.spec -Wl,-T -Wl,../src/lscript.ld -L../../fft_project_bsp/ps7_cortexa9_0/lib -o "fft_project.elf"  ./src/main.o   -Wl,--start-group,-lxil,-lgcc,-lc,-lstdc++,--end-group
'Finished building target: fft_project.elf'
' '
'Invoking: ARM v7 Print Size'
arm-none-eabi-size fft_project.elf  |tee "fft_project.elf.size"
   text	   data	    bss	    dec	    hex	filename
  19024	   1144	  22576	  42744	   a6f8	fft_project.elf
'Finished building: fft_project.elf.size'
' '
21:50:38 **** Auto Build of configuration Debug for project fft_project ****
make pre-build main-build 
a9-linaro-pre-build-step
' '
make: Nothing to be done for 'main-build'.
21:51:10 **** Auto Build of configuration Debug for project fft_project ****
make pre-build main-build 
a9-linaro-pre-build-step
' '
'Building file: ../src/main.cc'
'Invoking: ARM v7 g++ compiler'
arm-none-eabi-g++ -Wall -O0 -g3 -c -fmessage-length=0 -MT"src/main.o" -mcpu=cortex-a9 -mfpu=vfpv3 -mfloat-abi=hard -I../../fft_project_bsp/ps7_cortexa9_0/include -MMD -MP -MF"src/main.d" -MT"src/main.o" -o "src/main.o" "../src/main.cc"
../src/main.cc: In function 'int main()':
../src/main.cc:15:6: warning: unused variable 'result' [-Wunused-variable]
  u32 result;
      ^~~~~~
../src/main.cc:17:10: warning: variable 'Data_Output' set but not used [-Wunused-but-set-variable]
  int32_t Data_Output[16];
          ^~~~~~~~~~~
'Finished building: ../src/main.cc'
' '
'Building target: fft_project.elf'
'Invoking: ARM v7 g++ linker'
arm-none-eabi-g++ -mcpu=cortex-a9 -mfpu=vfpv3 -mfloat-abi=hard -Wl,-build-id=none -specs=Xilinx.spec -Wl,-T -Wl,../src/lscript.ld -L../../fft_project_bsp/ps7_cortexa9_0/lib -o "fft_project.elf"  ./src/main.o   -Wl,--start-group,-lxil,-lgcc,-lc,-lstdc++,--end-group
'Finished building target: fft_project.elf'
' '
'Invoking: ARM v7 Print Size'
arm-none-eabi-size fft_project.elf  |tee "fft_project.elf.size"
   text	   data	    bss	    dec	    hex	filename
  19352	   1144	  22576	  43072	   a840	fft_project.elf
'Finished building: fft_project.elf.size'
' '
21:51:48 **** Incremental Build of configuration Debug for project fft_project ****
make pre-build main-build 
a9-linaro-pre-build-step
' '
make: Nothing to be done for 'main-build'.
21:53:08 **** Incremental Build of configuration Debug for project fft_project ****
make pre-build main-build 
a9-linaro-pre-build-step
' '
make: Nothing to be done for 'main-build'.
21:54:55 **** Incremental Build of configuration Debug for project fft_project ****
make pre-build main-build 
a9-linaro-pre-build-step
' '
make: Nothing to be done for 'main-build'.
21:55:01 **** Incremental Build of configuration Debug for project fft_project ****
make pre-build main-build 
a9-linaro-pre-build-step
' '
'Building file: ../src/main.cc'
'Invoking: ARM v7 g++ compiler'
arm-none-eabi-g++ -Wall -O0 -g3 -c -fmessage-length=0 -MT"src/main.o" -mcpu=cortex-a9 -mfpu=vfpv3 -mfloat-abi=hard -I../../fft_project_bsp/ps7_cortexa9_0/include -MMD -MP -MF"src/main.d" -MT"src/main.o" -o "src/main.o" "../src/main.cc"
../src/main.cc: In function 'int main()':
../src/main.cc:27:22: error: invalid conversion from 'int32_t {aka long int}' to 'const char8* {aka const char*}' [-fpermissive]
   print(Data_Output[i]);
         ~~~~~~~~~~~~~^
In file included from ../../fft_project_bsp/ps7_cortexa9_0/include/xil_io.h:61:0,
                 from ../src/main.cc:3:
../../fft_project_bsp/ps7_cortexa9_0/include/xil_printf.h:40:6: note:   initializing argument 1 of 'void print(const char8*)'
 void print( const char8 *ptr);
      ^~~~~
../src/main.cc:15:6: warning: unused variable 'result' [-Wunused-variable]
  u32 result;
      ^~~~~~
make: *** [src/subdir.mk:23: src/main.o] Error 1
21:58:08 **** Auto Build of configuration Debug for project fft_project ****
make pre-build main-build 
a9-linaro-pre-build-step
' '
'Building file: ../src/main.cc'
'Invoking: ARM v7 g++ compiler'
arm-none-eabi-g++ -Wall -O0 -g3 -c -fmessage-length=0 -MT"src/main.o" -mcpu=cortex-a9 -mfpu=vfpv3 -mfloat-abi=hard -I../../fft_project_bsp/ps7_cortexa9_0/include -MMD -MP -MF"src/main.d" -MT"src/main.o" -o "src/main.o" "../src/main.cc"
../src/main.cc: In function 'int main()':
../src/main.cc:29:12: error: invalid conversion from 'int32_t {aka long int}' to 'const char8* {aka const char*}' [-fpermissive]
   print(val);
            ^
In file included from ../../fft_project_bsp/ps7_cortexa9_0/include/xil_io.h:61:0,
                 from ../src/main.cc:3:
../../fft_project_bsp/ps7_cortexa9_0/include/xil_printf.h:40:6: note:   initializing argument 1 of 'void print(const char8*)'
 void print( const char8 *ptr);
      ^~~~~
../src/main.cc:15:6: warning: unused variable 'result' [-Wunused-variable]
  u32 result;
      ^~~~~~
make: *** [src/subdir.mk:23: src/main.o] Error 1
22:00:07 **** Auto Build of configuration Debug for project fft_project ****
make pre-build main-build 
a9-linaro-pre-build-step
' '
'Building file: ../src/main.cc'
'Invoking: ARM v7 g++ compiler'
arm-none-eabi-g++ -Wall -O0 -g3 -c -fmessage-length=0 -MT"src/main.o" -mcpu=cortex-a9 -mfpu=vfpv3 -mfloat-abi=hard -I../../fft_project_bsp/ps7_cortexa9_0/include -MMD -MP -MF"src/main.d" -MT"src/main.o" -o "src/main.o" "../src/main.cc"
../src/main.cc: In function 'int main()':
../src/main.cc:30:3: error: 'printf' was not declared in this scope
   printf(val);
   ^~~~~~
../src/main.cc:30:3: note: suggested alternative: 'print'
   printf(val);
   ^~~~~~
   print
../src/main.cc:16:6: warning: unused variable 'result' [-Wunused-variable]
  u32 result;
      ^~~~~~
make: *** [src/subdir.mk:23: src/main.o] Error 1
22:00:15 **** Auto Build of configuration Debug for project fft_project ****
make pre-build main-build 
a9-linaro-pre-build-step
' '
'Building file: ../src/main.cc'
'Invoking: ARM v7 g++ compiler'
arm-none-eabi-g++ -Wall -O0 -g3 -c -fmessage-length=0 -MT"src/main.o" -mcpu=cortex-a9 -mfpu=vfpv3 -mfloat-abi=hard -I../../fft_project_bsp/ps7_cortexa9_0/include -MMD -MP -MF"src/main.d" -MT"src/main.o" -o "src/main.o" "../src/main.cc"
../src/main.cc: In function 'int main()':
../src/main.cc:30:12: error: invalid conversion from 'int32_t {aka long int}' to 'const char8* {aka const char*}' [-fpermissive]
   print(val);
            ^
In file included from ../../fft_project_bsp/ps7_cortexa9_0/include/xil_io.h:61:0,
                 from ../src/main.cc:3:
../../fft_project_bsp/ps7_cortexa9_0/include/xil_printf.h:40:6: note:   initializing argument 1 of 'void print(const char8*)'
 void print( const char8 *ptr);
      ^~~~~
../src/main.cc:16:6: warning: unused variable 'result' [-Wunused-variable]
  u32 result;
      ^~~~~~
make: *** [src/subdir.mk:23: src/main.o] Error 1
22:01:19 **** Auto Build of configuration Debug for project fft_project ****
make pre-build main-build 
a9-linaro-pre-build-step
' '
'Building file: ../src/main.cc'
'Invoking: ARM v7 g++ compiler'
arm-none-eabi-g++ -Wall -O0 -g3 -c -fmessage-length=0 -MT"src/main.o" -mcpu=cortex-a9 -mfpu=vfpv3 -mfloat-abi=hard -I../../fft_project_bsp/ps7_cortexa9_0/include -MMD -MP -MF"src/main.d" -MT"src/main.o" -o "src/main.o" "../src/main.cc"
../src/main.cc: In function 'int main()':
../src/main.cc:31:3: error: 'sprintf' was not declared in this scope
   sprintf(text, "%d", val);
   ^~~~~~~
../src/main.cc:31:3: note: suggested alternative: 'print'
   sprintf(text, "%d", val);
   ^~~~~~~
   print
../src/main.cc:16:6: warning: unused variable 'result' [-Wunused-variable]
  u32 result;
      ^~~~~~
make: *** [src/subdir.mk:23: src/main.o] Error 1
22:01:55 **** Auto Build of configuration Debug for project fft_project ****
make pre-build main-build 
a9-linaro-pre-build-step
' '
'Building file: ../src/main.cc'
'Invoking: ARM v7 g++ compiler'
arm-none-eabi-g++ -Wall -O0 -g3 -c -fmessage-length=0 -MT"src/main.o" -mcpu=cortex-a9 -mfpu=vfpv3 -mfloat-abi=hard -I../../fft_project_bsp/ps7_cortexa9_0/include -MMD -MP -MF"src/main.d" -MT"src/main.o" -o "src/main.o" "../src/main.cc"
../src/main.cc: In function 'int main()':
../src/main.cc:31:26: error: invalid conversion from 'const char*' to 'char*' [-fpermissive]
   sprintf(text, "%d", val);
                          ^
In file included from d:\xilinx2\sdk\2018.3\gnu\aarch32\nt\gcc-arm-none-eabi\arm-none-eabi\libc\usr\include\ctype.h:4:0,
                 from ../../fft_project_bsp/ps7_cortexa9_0/include/xil_printf.h:8,
                 from ../../fft_project_bsp/ps7_cortexa9_0/include/xil_io.h:61,
                 from ../src/main.cc:3:
d:\xilinx2\sdk\2018.3\gnu\aarch32\nt\gcc-arm-none-eabi\arm-none-eabi\libc\usr\include\stdio.h:225:5: note:   initializing argument 1 of 'int sprintf(char*, const char*, ...)'
 int _EXFUN(sprintf, (char *__restrict, const char *__restrict, ...)
     ^
../src/main.cc:31:26: warning: format '%d' expects argument of type 'int', but argument 3 has type 'int32_t {aka long int}' [-Wformat=]
   sprintf(text, "%d", val);
                          ^
../src/main.cc:16:6: warning: unused variable 'result' [-Wunused-variable]
  u32 result;
      ^~~~~~
make: *** [src/subdir.mk:23: src/main.o] Error 1
22:02:35 **** Auto Build of configuration Debug for project fft_project ****
make pre-build main-build 
a9-linaro-pre-build-step
' '
'Building file: ../src/main.cc'
'Invoking: ARM v7 g++ compiler'
arm-none-eabi-g++ -Wall -O0 -g3 -c -fmessage-length=0 -MT"src/main.o" -mcpu=cortex-a9 -mfpu=vfpv3 -mfloat-abi=hard -I../../fft_project_bsp/ps7_cortexa9_0/include -MMD -MP -MF"src/main.d" -MT"src/main.o" -o "src/main.o" "../src/main.cc"
../src/main.cc: In function 'int main()':
../src/main.cc:31:26: warning: format '%d' expects argument of type 'int', but argument 3 has type 'int32_t {aka long int}' [-Wformat=]
   sprintf(text, "%d", val);
                          ^
../src/main.cc:16:6: warning: unused variable 'result' [-Wunused-variable]
  u32 result;
      ^~~~~~
../src/main.cc:31:10: warning: 'text' may be used uninitialized in this function [-Wmaybe-uninitialized]
   sprintf(text, "%d", val);
   ~~~~~~~^~~~~~~~~~~~~~~~~
'Finished building: ../src/main.cc'
' '
'Building target: fft_project.elf'
'Invoking: ARM v7 g++ linker'
arm-none-eabi-g++ -mcpu=cortex-a9 -mfpu=vfpv3 -mfloat-abi=hard -Wl,-build-id=none -specs=Xilinx.spec -Wl,-T -Wl,../src/lscript.ld -L../../fft_project_bsp/ps7_cortexa9_0/lib -o "fft_project.elf"  ./src/main.o   -Wl,--start-group,-lxil,-lgcc,-lc,-lstdc++,--end-group
'Finished building target: fft_project.elf'
' '
'Invoking: ARM v7 Print Size'
arm-none-eabi-size fft_project.elf  |tee "fft_project.elf.size"
   text	   data	    bss	    dec	    hex	filename
  70588	   2580	  23336	  96504	  178f8	fft_project.elf
'Finished building: fft_project.elf.size'
' '
22:02:47 **** Incremental Build of configuration Debug for project fft_project ****
make pre-build main-build 
a9-linaro-pre-build-step
' '
make: Nothing to be done for 'main-build'.
22:02:55 **** Incremental Build of configuration Debug for project fft_project ****
make pre-build main-build 
a9-linaro-pre-build-step
' '
make: Nothing to be done for 'main-build'.
22:05:17 **** Auto Build of configuration Debug for project fft_project ****
make pre-build main-build 
a9-linaro-pre-build-step
' '
'Building file: ../src/main.cc'
'Invoking: ARM v7 g++ compiler'
arm-none-eabi-g++ -Wall -O0 -g3 -c -fmessage-length=0 -MT"src/main.o" -mcpu=cortex-a9 -mfpu=vfpv3 -mfloat-abi=hard -I../../fft_project_bsp/ps7_cortexa9_0/include -MMD -MP -MF"src/main.d" -MT"src/main.o" -o "src/main.o" "../src/main.cc"
../src/main.cc: In function 'void printDecimalFXPVal(s32, u32, u8)':
../src/main.cc:17:13: warning: comparison between signed and unsigned integer expressions [-Wsign-compare]
  for( i=0; i<nbr_of_decimal_digit+1; i++ ) val=val*10; //Multiply by 10^nbr_of_decimal_digit+1
            ~^~~~~~~~~~~~~~~~~~~~~~~
../src/main.cc: In function 'int main()':
../src/main.cc:28:6: warning: unused variable 'result' [-Wunused-variable]
  u32 result;
      ^~~~~~
'Finished building: ../src/main.cc'
' '
'Building target: fft_project.elf'
'Invoking: ARM v7 g++ linker'
arm-none-eabi-g++ -mcpu=cortex-a9 -mfpu=vfpv3 -mfloat-abi=hard -Wl,-build-id=none -specs=Xilinx.spec -Wl,-T -Wl,../src/lscript.ld -L../../fft_project_bsp/ps7_cortexa9_0/lib -o "fft_project.elf"  ./src/main.o   -Wl,--start-group,-lxil,-lgcc,-lc,-lstdc++,--end-group
'Finished building target: fft_project.elf'
' '
'Invoking: ARM v7 Print Size'
arm-none-eabi-size fft_project.elf  |tee "fft_project.elf.size"
   text	   data	    bss	    dec	    hex	filename
  34792	   2184	  22640	  59616	   e8e0	fft_project.elf
'Finished building: fft_project.elf.size'
' '
22:05:32 **** Incremental Build of configuration Debug for project fft_project ****
make pre-build main-build 
a9-linaro-pre-build-step
' '
make: Nothing to be done for 'main-build'.
22:05:37 **** Incremental Build of configuration Debug for project fft_project ****
make pre-build main-build 
a9-linaro-pre-build-step
' '
make: Nothing to be done for 'main-build'.
22:06:56 **** Auto Build of configuration Debug for project fft_project ****
make pre-build main-build 
a9-linaro-pre-build-step
' '
'Building file: ../src/main.cc'
'Invoking: ARM v7 g++ compiler'
arm-none-eabi-g++ -Wall -O0 -g3 -c -fmessage-length=0 -MT"src/main.o" -mcpu=cortex-a9 -mfpu=vfpv3 -mfloat-abi=hard -I../../fft_project_bsp/ps7_cortexa9_0/include -MMD -MP -MF"src/main.d" -MT"src/main.o" -o "src/main.o" "../src/main.cc"
../src/main.cc: In function 'void printDecimalFXPVal(s32, u32, u8)':
../src/main.cc:17:13: warning: comparison between signed and unsigned integer expressions [-Wsign-compare]
  for( i=0; i<nbr_of_decimal_digit+1; i++ ) val=val*10; //Multiply by 10^nbr_of_decimal_digit+1
            ~^~~~~~~~~~~~~~~~~~~~~~~
../src/main.cc: In function 'int main()':
../src/main.cc:28:6: warning: unused variable 'result' [-Wunused-variable]
  u32 result;
      ^~~~~~
'Finished building: ../src/main.cc'
' '
'Building target: fft_project.elf'
'Invoking: ARM v7 g++ linker'
arm-none-eabi-g++ -mcpu=cortex-a9 -mfpu=vfpv3 -mfloat-abi=hard -Wl,-build-id=none -specs=Xilinx.spec -Wl,-T -Wl,../src/lscript.ld -L../../fft_project_bsp/ps7_cortexa9_0/lib -o "fft_project.elf"  ./src/main.o   -Wl,--start-group,-lxil,-lgcc,-lc,-lstdc++,--end-group
'Finished building target: fft_project.elf'
' '
'Invoking: ARM v7 Print Size'
arm-none-eabi-size fft_project.elf  |tee "fft_project.elf.size"
   text	   data	    bss	    dec	    hex	filename
  34792	   2184	  22640	  59616	   e8e0	fft_project.elf
'Finished building: fft_project.elf.size'
' '
22:06:59 **** Incremental Build of configuration Debug for project fft_project ****
make pre-build main-build 
a9-linaro-pre-build-step
' '
make: Nothing to be done for 'main-build'.
22:07:02 **** Incremental Build of configuration Debug for project fft_project ****
make pre-build main-build 
a9-linaro-pre-build-step
' '
make: Nothing to be done for 'main-build'.
22:07:29 **** Incremental Build of configuration Debug for project fft_project ****
make pre-build main-build 
a9-linaro-pre-build-step
' '
make: Nothing to be done for 'main-build'.
22:09:43 **** Auto Build of configuration Debug for project fft_project ****
make pre-build main-build 
a9-linaro-pre-build-step
' '
'Building file: ../src/main.cc'
'Invoking: ARM v7 g++ compiler'
arm-none-eabi-g++ -Wall -O0 -g3 -c -fmessage-length=0 -MT"src/main.o" -mcpu=cortex-a9 -mfpu=vfpv3 -mfloat-abi=hard -I../../fft_project_bsp/ps7_cortexa9_0/include -MMD -MP -MF"src/main.d" -MT"src/main.o" -o "src/main.o" "../src/main.cc"
../src/main.cc: In function 'void printDecimalFXPVal(s32, u32, u8)':
../src/main.cc:17:13: warning: comparison between signed and unsigned integer expressions [-Wsign-compare]
  for( i=0; i<nbr_of_decimal_digit+1; i++ ) val=val*10; //Multiply by 10^nbr_of_decimal_digit+1
            ~^~~~~~~~~~~~~~~~~~~~~~~
../src/main.cc: In function 'int main()':
../src/main.cc:28:6: warning: unused variable 'result' [-Wunused-variable]
  u32 result;
      ^~~~~~
'Finished building: ../src/main.cc'
' '
'Building target: fft_project.elf'
'Invoking: ARM v7 g++ linker'
arm-none-eabi-g++ -mcpu=cortex-a9 -mfpu=vfpv3 -mfloat-abi=hard -Wl,-build-id=none -specs=Xilinx.spec -Wl,-T -Wl,../src/lscript.ld -L../../fft_project_bsp/ps7_cortexa9_0/lib -o "fft_project.elf"  ./src/main.o   -Wl,--start-group,-lxil,-lgcc,-lc,-lstdc++,--end-group
'Finished building target: fft_project.elf'
' '
'Invoking: ARM v7 Print Size'
arm-none-eabi-size fft_project.elf  |tee "fft_project.elf.size"
   text	   data	    bss	    dec	    hex	filename
  34856	   2184	  22640	  59680	   e920	fft_project.elf
'Finished building: fft_project.elf.size'
' '
22:09:51 **** Incremental Build of configuration Debug for project fft_project ****
make pre-build main-build 
a9-linaro-pre-build-step
' '
make: Nothing to be done for 'main-build'.
22:09:54 **** Incremental Build of configuration Debug for project fft_project ****
make pre-build main-build 
a9-linaro-pre-build-step
' '
make: Nothing to be done for 'main-build'.
22:10:22 **** Incremental Build of configuration Debug for project fft_project ****
make pre-build main-build 
a9-linaro-pre-build-step
' '
make: Nothing to be done for 'main-build'.
22:10:27 **** Incremental Build of configuration Debug for project fft_project ****
make pre-build main-build 
a9-linaro-pre-build-step
' '
'Building file: ../src/main.cc'
'Invoking: ARM v7 g++ compiler'
arm-none-eabi-g++ -Wall -O0 -g3 -c -fmessage-length=0 -MT"src/main.o" -mcpu=cortex-a9 -mfpu=vfpv3 -mfloat-abi=hard -I../../fft_project_bsp/ps7_cortexa9_0/include -MMD -MP -MF"src/main.d" -MT"src/main.o" -o "src/main.o" "../src/main.cc"
../src/main.cc: In function 'void printDecimalFXPVal(s32, u32, u8)':
../src/main.cc:17:13: warning: comparison between signed and unsigned integer expressions [-Wsign-compare]
  for( i=0; i<nbr_of_decimal_digit+1; i++ ) val=val*10; //Multiply by 10^nbr_of_decimal_digit+1
            ~^~~~~~~~~~~~~~~~~~~~~~~
../src/main.cc: In function 'int main()':
../src/main.cc:28:6: warning: unused variable 'result' [-Wunused-variable]
  u32 result;
      ^~~~~~
'Finished building: ../src/main.cc'
' '
'Building target: fft_project.elf'
'Invoking: ARM v7 g++ linker'
arm-none-eabi-g++ -mcpu=cortex-a9 -mfpu=vfpv3 -mfloat-abi=hard -Wl,-build-id=none -specs=Xilinx.spec -Wl,-T -Wl,../src/lscript.ld -L../../fft_project_bsp/ps7_cortexa9_0/lib -o "fft_project.elf"  ./src/main.o   -Wl,--start-group,-lxil,-lgcc,-lc,-lstdc++,--end-group
'Finished building target: fft_project.elf'
' '
'Invoking: ARM v7 Print Size'
arm-none-eabi-size fft_project.elf  |tee "fft_project.elf.size"
   text	   data	    bss	    dec	    hex	filename
  34856	   2184	  22640	  59680	   e920	fft_project.elf
'Finished building: fft_project.elf.size'
' '
22:11:32 **** Incremental Build of configuration Debug for project fft_project ****
make pre-build main-build 
a9-linaro-pre-build-step
' '
make: Nothing to be done for 'main-build'.
22:11:39 **** Incremental Build of configuration Debug for project fft_project ****
make pre-build main-build 
a9-linaro-pre-build-step
' '
'Building file: ../src/main.cc'
'Invoking: ARM v7 g++ compiler'
arm-none-eabi-g++ -Wall -O0 -g3 -c -fmessage-length=0 -MT"src/main.o" -mcpu=cortex-a9 -mfpu=vfpv3 -mfloat-abi=hard -I../../fft_project_bsp/ps7_cortexa9_0/include -MMD -MP -MF"src/main.d" -MT"src/main.o" -o "src/main.o" "../src/main.cc"
../src/main.cc: In function 'void printDecimalFXPVal(s32, u32, u8)':
../src/main.cc:17:13: warning: comparison between signed and unsigned integer expressions [-Wsign-compare]
  for( i=0; i<nbr_of_decimal_digit+1; i++ ) val=val*10; //Multiply by 10^nbr_of_decimal_digit+1
            ~^~~~~~~~~~~~~~~~~~~~~~~
../src/main.cc: In function 'int main()':
../src/main.cc:28:6: warning: unused variable 'result' [-Wunused-variable]
  u32 result;
      ^~~~~~
'Finished building: ../src/main.cc'
' '
'Building target: fft_project.elf'
'Invoking: ARM v7 g++ linker'
arm-none-eabi-g++ -mcpu=cortex-a9 -mfpu=vfpv3 -mfloat-abi=hard -Wl,-build-id=none -specs=Xilinx.spec -Wl,-T -Wl,../src/lscript.ld -L../../fft_project_bsp/ps7_cortexa9_0/lib -o "fft_project.elf"  ./src/main.o   -Wl,--start-group,-lxil,-lgcc,-lc,-lstdc++,--end-group
'Finished building target: fft_project.elf'
' '
'Invoking: ARM v7 Print Size'
arm-none-eabi-size fft_project.elf  |tee "fft_project.elf.size"
   text	   data	    bss	    dec	    hex	filename
  34856	   2184	  22640	  59680	   e920	fft_project.elf
'Finished building: fft_project.elf.size'
' '
22:12:57 **** Auto Build of configuration Debug for project fft_project ****
make pre-build main-build 
a9-linaro-pre-build-step
' '
'Building file: ../src/main.cc'
'Invoking: ARM v7 g++ compiler'
arm-none-eabi-g++ -Wall -O0 -g3 -c -fmessage-length=0 -MT"src/main.o" -mcpu=cortex-a9 -mfpu=vfpv3 -mfloat-abi=hard -I../../fft_project_bsp/ps7_cortexa9_0/include -MMD -MP -MF"src/main.d" -MT"src/main.o" -o "src/main.o" "../src/main.cc"
../src/main.cc: In function 'void printDecimalFXPVal(s32, u32, u8)':
../src/main.cc:17:13: warning: comparison between signed and unsigned integer expressions [-Wsign-compare]
  for( i=0; i<nbr_of_decimal_digit+1; i++ ) val=val*10; //Multiply by 10^nbr_of_decimal_digit+1
            ~^~~~~~~~~~~~~~~~~~~~~~~
../src/main.cc: In function 'int main()':
../src/main.cc:28:6: warning: unused variable 'result' [-Wunused-variable]
  u32 result;
      ^~~~~~
'Finished building: ../src/main.cc'
' '
'Building target: fft_project.elf'
'Invoking: ARM v7 g++ linker'
arm-none-eabi-g++ -mcpu=cortex-a9 -mfpu=vfpv3 -mfloat-abi=hard -Wl,-build-id=none -specs=Xilinx.spec -Wl,-T -Wl,../src/lscript.ld -L../../fft_project_bsp/ps7_cortexa9_0/lib -o "fft_project.elf"  ./src/main.o   -Wl,--start-group,-lxil,-lgcc,-lc,-lstdc++,--end-group
'Finished building target: fft_project.elf'
' '
'Invoking: ARM v7 Print Size'
arm-none-eabi-size fft_project.elf  |tee "fft_project.elf.size"
   text	   data	    bss	    dec	    hex	filename
  34924	   2184	  22640	  59748	   e964	fft_project.elf
'Finished building: fft_project.elf.size'
' '
22:12:59 **** Incremental Build of configuration Debug for project fft_project ****
make pre-build main-build 
a9-linaro-pre-build-step
' '
make: Nothing to be done for 'main-build'.
22:13:02 **** Incremental Build of configuration Debug for project fft_project ****
make pre-build main-build 
a9-linaro-pre-build-step
' '
make: Nothing to be done for 'main-build'.
22:14:54 **** Incremental Build of configuration Debug for project fft_project ****
make pre-build main-build 
a9-linaro-pre-build-step
' '
make: Nothing to be done for 'main-build'.
22:14:56 **** Incremental Build of configuration Debug for project fft_project ****
make pre-build main-build 
a9-linaro-pre-build-step
' '
make: Nothing to be done for 'main-build'.
22:15:23 **** Incremental Build of configuration Debug for project fft_project ****
make pre-build main-build 
a9-linaro-pre-build-step
' '
make: Nothing to be done for 'main-build'.
22:15:32 **** Incremental Build of configuration Debug for project fft_project ****
make pre-build main-build 
a9-linaro-pre-build-step
' '
'Building file: ../src/main.cc'
'Invoking: ARM v7 g++ compiler'
arm-none-eabi-g++ -Wall -O0 -g3 -c -fmessage-length=0 -MT"src/main.o" -mcpu=cortex-a9 -mfpu=vfpv3 -mfloat-abi=hard -I../../fft_project_bsp/ps7_cortexa9_0/include -MMD -MP -MF"src/main.d" -MT"src/main.o" -o "src/main.o" "../src/main.cc"
../src/main.cc: In function 'void printDecimalFXPVal(s32, u32, u8)':
../src/main.cc:17:13: warning: comparison between signed and unsigned integer expressions [-Wsign-compare]
  for( i=0; i<nbr_of_decimal_digit+1; i++ ) val=val*10; //Multiply by 10^nbr_of_decimal_digit+1
            ~^~~~~~~~~~~~~~~~~~~~~~~
../src/main.cc: In function 'int main()':
../src/main.cc:28:6: warning: unused variable 'result' [-Wunused-variable]
  u32 result;
      ^~~~~~
'Finished building: ../src/main.cc'
' '
'Building target: fft_project.elf'
'Invoking: ARM v7 g++ linker'
arm-none-eabi-g++ -mcpu=cortex-a9 -mfpu=vfpv3 -mfloat-abi=hard -Wl,-build-id=none -specs=Xilinx.spec -Wl,-T -Wl,../src/lscript.ld -L../../fft_project_bsp/ps7_cortexa9_0/lib -o "fft_project.elf"  ./src/main.o   -Wl,--start-group,-lxil,-lgcc,-lc,-lstdc++,--end-group
'Finished building target: fft_project.elf'
' '
'Invoking: ARM v7 Print Size'
arm-none-eabi-size fft_project.elf  |tee "fft_project.elf.size"
   text	   data	    bss	    dec	    hex	filename
  34856	   2184	  22640	  59680	   e920	fft_project.elf
'Finished building: fft_project.elf.size'
' '
22:16:33 **** Auto Build of configuration Debug for project fft_project ****
make pre-build main-build 
a9-linaro-pre-build-step
' '
'Building file: ../src/main.cc'
'Invoking: ARM v7 g++ compiler'
arm-none-eabi-g++ -Wall -O0 -g3 -c -fmessage-length=0 -MT"src/main.o" -mcpu=cortex-a9 -mfpu=vfpv3 -mfloat-abi=hard -I../../fft_project_bsp/ps7_cortexa9_0/include -MMD -MP -MF"src/main.d" -MT"src/main.o" -o "src/main.o" "../src/main.cc"
../src/main.cc: In function 'void printDecimalFXPVal(s32, u32, u8)':
../src/main.cc:17:13: warning: comparison between signed and unsigned integer expressions [-Wsign-compare]
  for( i=0; i<nbr_of_decimal_digit+1; i++ ) val=val*10; //Multiply by 10^nbr_of_decimal_digit+1
            ~^~~~~~~~~~~~~~~~~~~~~~~
../src/main.cc: In function 'int main()':
../src/main.cc:32:12: error: invalid conversion from 'char' to 'const char8* {aka const char*}' [-fpermissive]
  print('\n');
            ^
In file included from ../../fft_project_bsp/ps7_cortexa9_0/include/xil_io.h:61:0,
                 from ../src/main.cc:3:
../../fft_project_bsp/ps7_cortexa9_0/include/xil_printf.h:40:6: note:   initializing argument 1 of 'void print(const char8*)'
 void print( const char8 *ptr);
      ^~~~~
../src/main.cc:37:13: error: invalid conversion from 'char' to 'const char8* {aka const char*}' [-fpermissive]
   print('\n');
             ^
In file included from ../../fft_project_bsp/ps7_cortexa9_0/include/xil_io.h:61:0,
                 from ../src/main.cc:3:
../../fft_project_bsp/ps7_cortexa9_0/include/xil_printf.h:40:6: note:   initializing argument 1 of 'void print(const char8*)'
 void print( const char8 *ptr);
      ^~~~~
../src/main.cc:47:12: error: invalid conversion from 'char' to 'const char8* {aka const char*}' [-fpermissive]
  print('\n');
            ^
In file included from ../../fft_project_bsp/ps7_cortexa9_0/include/xil_io.h:61:0,
                 from ../src/main.cc:3:
../../fft_project_bsp/ps7_cortexa9_0/include/xil_printf.h:40:6: note:   initializing argument 1 of 'void print(const char8*)'
 void print( const char8 *ptr);
      ^~~~~
../src/main.cc:48:12: error: invalid conversion from 'char' to 'const char8* {aka const char*}' [-fpermissive]
  print('\n');
            ^
In file included from ../../fft_project_bsp/ps7_cortexa9_0/include/xil_io.h:61:0,
                 from ../src/main.cc:3:
../../fft_project_bsp/ps7_cortexa9_0/include/xil_printf.h:40:6: note:   initializing argument 1 of 'void print(const char8*)'
 void print( const char8 *ptr);
      ^~~~~
../src/main.cc:28:6: warning: unused variable 'result' [-Wunused-variable]
  u32 result;
      ^~~~~~
make: *** [src/subdir.mk:23: src/main.o] Error 1
22:17:13 **** Auto Build of configuration Debug for project fft_project ****
make pre-build main-build 
a9-linaro-pre-build-step
' '
'Building file: ../src/main.cc'
'Invoking: ARM v7 g++ compiler'
arm-none-eabi-g++ -Wall -O0 -g3 -c -fmessage-length=0 -MT"src/main.o" -mcpu=cortex-a9 -mfpu=vfpv3 -mfloat-abi=hard -I../../fft_project_bsp/ps7_cortexa9_0/include -MMD -MP -MF"src/main.d" -MT"src/main.o" -o "src/main.o" "../src/main.cc"
../src/main.cc: In function 'void printDecimalFXPVal(s32, u32, u8)':
../src/main.cc:17:13: warning: comparison between signed and unsigned integer expressions [-Wsign-compare]
  for( i=0; i<nbr_of_decimal_digit+1; i++ ) val=val*10; //Multiply by 10^nbr_of_decimal_digit+1
            ~^~~~~~~~~~~~~~~~~~~~~~~
../src/main.cc: In function 'int main()':
../src/main.cc:28:6: warning: unused variable 'result' [-Wunused-variable]
  u32 result;
      ^~~~~~
'Finished building: ../src/main.cc'
' '
'Building target: fft_project.elf'
'Invoking: ARM v7 g++ linker'
arm-none-eabi-g++ -mcpu=cortex-a9 -mfpu=vfpv3 -mfloat-abi=hard -Wl,-build-id=none -specs=Xilinx.spec -Wl,-T -Wl,../src/lscript.ld -L../../fft_project_bsp/ps7_cortexa9_0/lib -o "fft_project.elf"  ./src/main.o   -Wl,--start-group,-lxil,-lgcc,-lc,-lstdc++,--end-group
'Finished building target: fft_project.elf'
' '
'Invoking: ARM v7 Print Size'
arm-none-eabi-size fft_project.elf  |tee "fft_project.elf.size"
   text	   data	    bss	    dec	    hex	filename
  34996	   2184	  22640	  59820	   e9ac	fft_project.elf
'Finished building: fft_project.elf.size'
' '
22:17:16 **** Incremental Build of configuration Debug for project fft_project ****
make pre-build main-build 
a9-linaro-pre-build-step
' '
make: Nothing to be done for 'main-build'.
22:17:23 **** Incremental Build of configuration Debug for project fft_project ****
make pre-build main-build 
a9-linaro-pre-build-step
' '
make: Nothing to be done for 'main-build'.
22:18:19 **** Incremental Build of configuration Debug for project fft_project ****
make pre-build main-build 
a9-linaro-pre-build-step
' '
make: Nothing to be done for 'main-build'.
22:18:23 **** Incremental Build of configuration Debug for project fft_project ****
make pre-build main-build 
a9-linaro-pre-build-step
' '
'Building file: ../src/main.cc'
'Invoking: ARM v7 g++ compiler'
arm-none-eabi-g++ -Wall -O0 -g3 -c -fmessage-length=0 -MT"src/main.o" -mcpu=cortex-a9 -mfpu=vfpv3 -mfloat-abi=hard -I../../fft_project_bsp/ps7_cortexa9_0/include -MMD -MP -MF"src/main.d" -MT"src/main.o" -o "src/main.o" "../src/main.cc"
../src/main.cc: In function 'void printDecimalFXPVal(s32, u32, u8)':
../src/main.cc:17:13: warning: comparison between signed and unsigned integer expressions [-Wsign-compare]
  for( i=0; i<nbr_of_decimal_digit+1; i++ ) val=val*10; //Multiply by 10^nbr_of_decimal_digit+1
            ~^~~~~~~~~~~~~~~~~~~~~~~
../src/main.cc: In function 'int main()':
../src/main.cc:28:6: warning: unused variable 'result' [-Wunused-variable]
  u32 result;
      ^~~~~~
'Finished building: ../src/main.cc'
' '
'Building target: fft_project.elf'
'Invoking: ARM v7 g++ linker'
arm-none-eabi-g++ -mcpu=cortex-a9 -mfpu=vfpv3 -mfloat-abi=hard -Wl,-build-id=none -specs=Xilinx.spec -Wl,-T -Wl,../src/lscript.ld -L../../fft_project_bsp/ps7_cortexa9_0/lib -o "fft_project.elf"  ./src/main.o   -Wl,--start-group,-lxil,-lgcc,-lc,-lstdc++,--end-group
'Finished building target: fft_project.elf'
' '
'Invoking: ARM v7 Print Size'
arm-none-eabi-size fft_project.elf  |tee "fft_project.elf.size"
   text	   data	    bss	    dec	    hex	filename
  34996	   2184	  22640	  59820	   e9ac	fft_project.elf
'Finished building: fft_project.elf.size'
' '
22:19:37 **** Auto Build of configuration Debug for project fft_project ****
make pre-build main-build 
a9-linaro-pre-build-step
' '
'Building file: ../src/main.cc'
'Invoking: ARM v7 g++ compiler'
arm-none-eabi-g++ -Wall -O0 -g3 -c -fmessage-length=0 -MT"src/main.o" -mcpu=cortex-a9 -mfpu=vfpv3 -mfloat-abi=hard -I../../fft_project_bsp/ps7_cortexa9_0/include -MMD -MP -MF"src/main.d" -MT"src/main.o" -o "src/main.o" "../src/main.cc"
../src/main.cc: In function 'void printDecimalFXPVal(s32, u32, u8)':
../src/main.cc:17:13: warning: comparison between signed and unsigned integer expressions [-Wsign-compare]
  for( i=0; i<nbr_of_decimal_digit+1; i++ ) val=val*10; //Multiply by 10^nbr_of_decimal_digit+1
            ~^~~~~~~~~~~~~~~~~~~~~~~
../src/main.cc: In function 'int main()':
../src/main.cc:28:6: warning: unused variable 'result' [-Wunused-variable]
  u32 result;
      ^~~~~~
'Finished building: ../src/main.cc'
' '
'Building target: fft_project.elf'
'Invoking: ARM v7 g++ linker'
arm-none-eabi-g++ -mcpu=cortex-a9 -mfpu=vfpv3 -mfloat-abi=hard -Wl,-build-id=none -specs=Xilinx.spec -Wl,-T -Wl,../src/lscript.ld -L../../fft_project_bsp/ps7_cortexa9_0/lib -o "fft_project.elf"  ./src/main.o   -Wl,--start-group,-lxil,-lgcc,-lc,-lstdc++,--end-group
'Finished building target: fft_project.elf'
' '
'Invoking: ARM v7 Print Size'
arm-none-eabi-size fft_project.elf  |tee "fft_project.elf.size"
   text	   data	    bss	    dec	    hex	filename
  35000	   2184	  22640	  59824	   e9b0	fft_project.elf
'Finished building: fft_project.elf.size'
' '
22:19:42 **** Incremental Build of configuration Debug for project fft_project ****
make pre-build main-build 
a9-linaro-pre-build-step
' '
make: Nothing to be done for 'main-build'.
22:19:44 **** Incremental Build of configuration Debug for project fft_project ****
make pre-build main-build 
a9-linaro-pre-build-step
' '
make: Nothing to be done for 'main-build'.
22:20:35 **** Auto Build of configuration Debug for project fft_project ****
make pre-build main-build 
a9-linaro-pre-build-step
' '
'Building file: ../src/main.cc'
'Invoking: ARM v7 g++ compiler'
arm-none-eabi-g++ -Wall -O0 -g3 -c -fmessage-length=0 -MT"src/main.o" -mcpu=cortex-a9 -mfpu=vfpv3 -mfloat-abi=hard -I../../fft_project_bsp/ps7_cortexa9_0/include -MMD -MP -MF"src/main.d" -MT"src/main.o" -o "src/main.o" "../src/main.cc"
../src/main.cc: In function 'void printDecimalFXPVal(s32, u32, u8)':
../src/main.cc:17:13: warning: comparison between signed and unsigned integer expressions [-Wsign-compare]
  for( i=0; i<nbr_of_decimal_digit+1; i++ ) val=val*10; //Multiply by 10^nbr_of_decimal_digit+1
            ~^~~~~~~~~~~~~~~~~~~~~~~
../src/main.cc: In function 'int main()':
../src/main.cc:28:6: warning: unused variable 'result' [-Wunused-variable]
  u32 result;
      ^~~~~~
'Finished building: ../src/main.cc'
' '
'Building target: fft_project.elf'
'Invoking: ARM v7 g++ linker'
arm-none-eabi-g++ -mcpu=cortex-a9 -mfpu=vfpv3 -mfloat-abi=hard -Wl,-build-id=none -specs=Xilinx.spec -Wl,-T -Wl,../src/lscript.ld -L../../fft_project_bsp/ps7_cortexa9_0/lib -o "fft_project.elf"  ./src/main.o   -Wl,--start-group,-lxil,-lgcc,-lc,-lstdc++,--end-group
'Finished building target: fft_project.elf'
' '
'Invoking: ARM v7 Print Size'
arm-none-eabi-size fft_project.elf  |tee "fft_project.elf.size"
   text	   data	    bss	    dec	    hex	filename
  35000	   2184	  22640	  59824	   e9b0	fft_project.elf
'Finished building: fft_project.elf.size'
' '
22:20:38 **** Incremental Build of configuration Debug for project fft_project ****
make pre-build main-build 
a9-linaro-pre-build-step
' '
make: Nothing to be done for 'main-build'.
22:20:40 **** Incremental Build of configuration Debug for project fft_project ****
make pre-build main-build 
a9-linaro-pre-build-step
' '
make: Nothing to be done for 'main-build'.
23:11:46 **** Incremental Build of configuration Debug for project fft_project ****
make pre-build main-build 
a9-linaro-pre-build-step
' '
make: Nothing to be done for 'main-build'.
23:12:06 **** Incremental Build of configuration Debug for project fft_project ****
make pre-build main-build 
a9-linaro-pre-build-step
' '
make: Nothing to be done for 'main-build'.
23:15:33 **** Incremental Build of configuration Debug for project fft_project ****
make pre-build main-build 
a9-linaro-pre-build-step
' '
make: Nothing to be done for 'main-build'.
23:15:37 **** Incremental Build of configuration Debug for project fft_project ****
make pre-build main-build 
a9-linaro-pre-build-step
' '
'Building file: ../src/main.cc'
'Invoking: ARM v7 g++ compiler'
arm-none-eabi-g++ -Wall -O0 -g3 -c -fmessage-length=0 -MT"src/main.o" -mcpu=cortex-a9 -mfpu=vfpv3 -mfloat-abi=hard -I../../fft_project_bsp/ps7_cortexa9_0/include -MMD -MP -MF"src/main.d" -MT"src/main.o" -o "src/main.o" "../src/main.cc"
../src/main.cc: In function 'void printDecimalFXPVal(s32, u32, u8)':
../src/main.cc:17:13: warning: comparison between signed and unsigned integer expressions [-Wsign-compare]
  for( i=0; i<nbr_of_decimal_digit+1; i++ ) val=val*10; //Multiply by 10^nbr_of_decimal_digit+1
            ~^~~~~~~~~~~~~~~~~~~~~~~
../src/main.cc: In function 'int main()':
../src/main.cc:28:6: warning: unused variable 'result' [-Wunused-variable]
  u32 result;
      ^~~~~~
'Finished building: ../src/main.cc'
' '
'Building target: fft_project.elf'
'Invoking: ARM v7 g++ linker'
arm-none-eabi-g++ -mcpu=cortex-a9 -mfpu=vfpv3 -mfloat-abi=hard -Wl,-build-id=none -specs=Xilinx.spec -Wl,-T -Wl,../src/lscript.ld -L../../fft_project_bsp/ps7_cortexa9_0/lib -o "fft_project.elf"  ./src/main.o   -Wl,--start-group,-lxil,-lgcc,-lc,-lstdc++,--end-group
'Finished building target: fft_project.elf'
' '
'Invoking: ARM v7 Print Size'
arm-none-eabi-size fft_project.elf  |tee "fft_project.elf.size"
   text	   data	    bss	    dec	    hex	filename
  35076	   2184	  22640	  59900	   e9fc	fft_project.elf
'Finished building: fft_project.elf.size'
' '
23:16:29 **** Auto Build of configuration Debug for project fft_project ****
make pre-build main-build 
a9-linaro-pre-build-step
' '
'Building file: ../src/main.cc'
'Invoking: ARM v7 g++ compiler'
arm-none-eabi-g++ -Wall -O0 -g3 -c -fmessage-length=0 -MT"src/main.o" -mcpu=cortex-a9 -mfpu=vfpv3 -mfloat-abi=hard -I../../fft_project_bsp/ps7_cortexa9_0/include -MMD -MP -MF"src/main.d" -MT"src/main.o" -o "src/main.o" "../src/main.cc"
../src/main.cc: In function 'void printDecimalFXPVal(s32, u32, u8)':
../src/main.cc:17:13: warning: comparison between signed and unsigned integer expressions [-Wsign-compare]
  for( i=0; i<nbr_of_decimal_digit+1; i++ ) val=val*10; //Multiply by 10^nbr_of_decimal_digit+1
            ~^~~~~~~~~~~~~~~~~~~~~~~
../src/main.cc: In function 'int main()':
../src/main.cc:28:6: warning: unused variable 'result' [-Wunused-variable]
  u32 result;
      ^~~~~~
'Finished building: ../src/main.cc'
' '
'Building target: fft_project.elf'
'Invoking: ARM v7 g++ linker'
arm-none-eabi-g++ -mcpu=cortex-a9 -mfpu=vfpv3 -mfloat-abi=hard -Wl,-build-id=none -specs=Xilinx.spec -Wl,-T -Wl,../src/lscript.ld -L../../fft_project_bsp/ps7_cortexa9_0/lib -o "fft_project.elf"  ./src/main.o   -Wl,--start-group,-lxil,-lgcc,-lc,-lstdc++,--end-group
'Finished building target: fft_project.elf'
' '
'Invoking: ARM v7 Print Size'
arm-none-eabi-size fft_project.elf  |tee "fft_project.elf.size"
   text	   data	    bss	    dec	    hex	filename
  35076	   2184	  22640	  59900	   e9fc	fft_project.elf
'Finished building: fft_project.elf.size'
' '
23:16:32 **** Incremental Build of configuration Debug for project fft_project ****
make pre-build main-build 
a9-linaro-pre-build-step
' '
make: Nothing to be done for 'main-build'.
23:16:41 **** Incremental Build of configuration Debug for project fft_project ****
make pre-build main-build 
a9-linaro-pre-build-step
' '
make: Nothing to be done for 'main-build'.
