21:09:52 **** Build of project FFT_Butterfly_Axi_Lite_App_bsp ****
make -k all 
"Running Make include in ps7_cortexa9_0/libsrc/coresightps_dcc_v1_4/src"
make -C ps7_cortexa9_0/libsrc/coresightps_dcc_v1_4/src -s include  "SHELL=CMD" "COMPILER=arm-none-eabi-gcc" "ARCHIVER=arm-none-eabi-ar" "COMPILER_FLAGS=  -O2 -c" "EXTRA_COMPILER_FLAGS=-mcpu=cortex-a9 -mfpu=vfpv3 -mfloat-abi=hard -nostartfiles -g -Wall -Wextra"
"Running Make include in ps7_cortexa9_0/libsrc/cpu_cortexa9_v2_7/src"
make -C ps7_cortexa9_0/libsrc/cpu_cortexa9_v2_7/src -s include  "SHELL=CMD" "COMPILER=arm-none-eabi-gcc" "ARCHIVER=arm-none-eabi-ar" "COMPILER_FLAGS=  -O2 -c" "EXTRA_COMPILER_FLAGS=-mcpu=cortex-a9 -mfpu=vfpv3 -mfloat-abi=hard -nostartfiles -g -Wall -Wextra"
"Running Make include in ps7_cortexa9_0/libsrc/ddrps_v1_0/src"
make -C ps7_cortexa9_0/libsrc/ddrps_v1_0/src -s include  "SHELL=CMD" "COMPILER=arm-none-eabi-gcc" "ARCHIVER=arm-none-eabi-ar" "COMPILER_FLAGS=  -O2 -c" "EXTRA_COMPILER_FLAGS=-mcpu=cortex-a9 -mfpu=vfpv3 -mfloat-abi=hard -nostartfiles -g -Wall -Wextra"
"Running Make include in ps7_cortexa9_0/libsrc/devcfg_v3_5/src"
make -C ps7_cortexa9_0/libsrc/devcfg_v3_5/src -s include  "SHELL=CMD" "COMPILER=arm-none-eabi-gcc" "ARCHIVER=arm-none-eabi-ar" "COMPILER_FLAGS=  -O2 -c" "EXTRA_COMPILER_FLAGS=-mcpu=cortex-a9 -mfpu=vfpv3 -mfloat-abi=hard -nostartfiles -g -Wall -Wextra"
"Running Make include in ps7_cortexa9_0/libsrc/dmaps_v2_4/src"
make -C ps7_cortexa9_0/libsrc/dmaps_v2_4/src -s include  "SHELL=CMD" "COMPILER=arm-none-eabi-gcc" "ARCHIVER=arm-none-eabi-ar" "COMPILER_FLAGS=  -O2 -c" "EXTRA_COMPILER_FLAGS=-mcpu=cortex-a9 -mfpu=vfpv3 -mfloat-abi=hard -nostartfiles -g -Wall -Wextra"
"Running Make include in ps7_cortexa9_0/libsrc/emacps_v3_8/src"
make -C ps7_cortexa9_0/libsrc/emacps_v3_8/src -s include  "SHELL=CMD" "COMPILER=arm-none-eabi-gcc" "ARCHIVER=arm-none-eabi-ar" "COMPILER_FLAGS=  -O2 -c" "EXTRA_COMPILER_FLAGS=-mcpu=cortex-a9 -mfpu=vfpv3 -mfloat-abi=hard -nostartfiles -g -Wall -Wextra"
"Running Make include in ps7_cortexa9_0/libsrc/FFT_Butterfly_Axi_Lite_v1_0/src"
make -C ps7_cortexa9_0/libsrc/FFT_Butterfly_Axi_Lite_v1_0/src -s include  "SHELL=CMD" "COMPILER=arm-none-eabi-gcc" "ARCHIVER=arm-none-eabi-ar" "COMPILER_FLAGS=  -O2 -c" "EXTRA_COMPILER_FLAGS=-mcpu=cortex-a9 -mfpu=vfpv3 -mfloat-abi=hard -nostartfiles -g -Wall -Wextra"
"Running Make include in ps7_cortexa9_0/libsrc/gpiops_v3_4/src"
make -C ps7_cortexa9_0/libsrc/gpiops_v3_4/src -s include  "SHELL=CMD" "COMPILER=arm-none-eabi-gcc" "ARCHIVER=arm-none-eabi-ar" "COMPILER_FLAGS=  -O2 -c" "EXTRA_COMPILER_FLAGS=-mcpu=cortex-a9 -mfpu=vfpv3 -mfloat-abi=hard -nostartfiles -g -Wall -Wextra"
"Running Make include in ps7_cortexa9_0/libsrc/qspips_v3_5/src"
make -C ps7_cortexa9_0/libsrc/qspips_v3_5/src -s include  "SHELL=CMD" "COMPILER=arm-none-eabi-gcc" "ARCHIVER=arm-none-eabi-ar" "COMPILER_FLAGS=  -O2 -c" "EXTRA_COMPILER_FLAGS=-mcpu=cortex-a9 -mfpu=vfpv3 -mfloat-abi=hard -nostartfiles -g -Wall -Wextra"
"Running Make include in ps7_cortexa9_0/libsrc/scugic_v3_10/src"
make -C ps7_cortexa9_0/libsrc/scugic_v3_10/src -s include  "SHELL=CMD" "COMPILER=arm-none-eabi-gcc" "ARCHIVER=arm-none-eabi-ar" "COMPILER_FLAGS=  -O2 -c" "EXTRA_COMPILER_FLAGS=-mcpu=cortex-a9 -mfpu=vfpv3 -mfloat-abi=hard -nostartfiles -g -Wall -Wextra"
"Running Make include in ps7_cortexa9_0/libsrc/scutimer_v2_1/src"
make -C ps7_cortexa9_0/libsrc/scutimer_v2_1/src -s include  "SHELL=CMD" "COMPILER=arm-none-eabi-gcc" "ARCHIVER=arm-none-eabi-ar" "COMPILER_FLAGS=  -O2 -c" "EXTRA_COMPILER_FLAGS=-mcpu=cortex-a9 -mfpu=vfpv3 -mfloat-abi=hard -nostartfiles -g -Wall -Wextra"
"Running Make include in ps7_cortexa9_0/libsrc/scuwdt_v2_1/src"
make -C ps7_cortexa9_0/libsrc/scuwdt_v2_1/src -s include  "SHELL=CMD" "COMPILER=arm-none-eabi-gcc" "ARCHIVER=arm-none-eabi-ar" "COMPILER_FLAGS=  -O2 -c" "EXTRA_COMPILER_FLAGS=-mcpu=cortex-a9 -mfpu=vfpv3 -mfloat-abi=hard -nostartfiles -g -Wall -Wextra"
"Running Make include in ps7_cortexa9_0/libsrc/sdps_v3_6/src"
make -C ps7_cortexa9_0/libsrc/sdps_v3_6/src -s include  "SHELL=CMD" "COMPILER=arm-none-eabi-gcc" "ARCHIVER=arm-none-eabi-ar" "COMPILER_FLAGS=  -O2 -c" "EXTRA_COMPILER_FLAGS=-mcpu=cortex-a9 -mfpu=vfpv3 -mfloat-abi=hard -nostartfiles -g -Wall -Wextra"
"Running Make include in ps7_cortexa9_0/libsrc/standalone_v6_8/src"
make -C ps7_cortexa9_0/libsrc/standalone_v6_8/src -s include  "SHELL=CMD" "COMPILER=arm-none-eabi-gcc" "ARCHIVER=arm-none-eabi-ar" "COMPILER_FLAGS=  -O2 -c" "EXTRA_COMPILER_FLAGS=-mcpu=cortex-a9 -mfpu=vfpv3 -mfloat-abi=hard -nostartfiles -g -Wall -Wextra"
"Running Make include in ps7_cortexa9_0/libsrc/ttcps_v3_7/src"
make -C ps7_cortexa9_0/libsrc/ttcps_v3_7/src -s include  "SHELL=CMD" "COMPILER=arm-none-eabi-gcc" "ARCHIVER=arm-none-eabi-ar" "COMPILER_FLAGS=  -O2 -c" "EXTRA_COMPILER_FLAGS=-mcpu=cortex-a9 -mfpu=vfpv3 -mfloat-abi=hard -nostartfiles -g -Wall -Wextra"
"Running Make include in ps7_cortexa9_0/libsrc/uartps_v3_7/src"
make -C ps7_cortexa9_0/libsrc/uartps_v3_7/src -s include  "SHELL=CMD" "COMPILER=arm-none-eabi-gcc" "ARCHIVER=arm-none-eabi-ar" "COMPILER_FLAGS=  -O2 -c" "EXTRA_COMPILER_FLAGS=-mcpu=cortex-a9 -mfpu=vfpv3 -mfloat-abi=hard -nostartfiles -g -Wall -Wextra"
"Running Make include in ps7_cortexa9_0/libsrc/usbps_v2_4/src"
make -C ps7_cortexa9_0/libsrc/usbps_v2_4/src -s include  "SHELL=CMD" "COMPILER=arm-none-eabi-gcc" "ARCHIVER=arm-none-eabi-ar" "COMPILER_FLAGS=  -O2 -c" "EXTRA_COMPILER_FLAGS=-mcpu=cortex-a9 -mfpu=vfpv3 -mfloat-abi=hard -nostartfiles -g -Wall -Wextra"
"Running Make include in ps7_cortexa9_0/libsrc/xadcps_v2_3/src"
make -C ps7_cortexa9_0/libsrc/xadcps_v2_3/src -s include  "SHELL=CMD" "COMPILER=arm-none-eabi-gcc" "ARCHIVER=arm-none-eabi-ar" "COMPILER_FLAGS=  -O2 -c" "EXTRA_COMPILER_FLAGS=-mcpu=cortex-a9 -mfpu=vfpv3 -mfloat-abi=hard -nostartfiles -g -Wall -Wextra"
"Running Make libs in ps7_cortexa9_0/libsrc/coresightps_dcc_v1_4/src"
make -C ps7_cortexa9_0/libsrc/coresightps_dcc_v1_4/src -s libs  "SHELL=CMD" "COMPILER=arm-none-eabi-gcc" "ARCHIVER=arm-none-eabi-ar" "COMPILER_FLAGS=  -O2 -c" "EXTRA_COMPILER_FLAGS=-mcpu=cortex-a9 -mfpu=vfpv3 -mfloat-abi=hard -nostartfiles -g -Wall -Wextra"
"Compiling coresightps_dcc"
arm-none-eabi-ar: creating ../../../lib/libxil.a
"Running Make libs in ps7_cortexa9_0/libsrc/cpu_cortexa9_v2_7/src"
make -C ps7_cortexa9_0/libsrc/cpu_cortexa9_v2_7/src -s libs  "SHELL=CMD" "COMPILER=arm-none-eabi-gcc" "ARCHIVER=arm-none-eabi-ar" "COMPILER_FLAGS=  -O2 -c" "EXTRA_COMPILER_FLAGS=-mcpu=cortex-a9 -mfpu=vfpv3 -mfloat-abi=hard -nostartfiles -g -Wall -Wextra"
"Compiling cpu_cortexa9"
"Running Make libs in ps7_cortexa9_0/libsrc/ddrps_v1_0/src"
make -C ps7_cortexa9_0/libsrc/ddrps_v1_0/src -s libs  "SHELL=CMD" "COMPILER=arm-none-eabi-gcc" "ARCHIVER=arm-none-eabi-ar" "COMPILER_FLAGS=  -O2 -c" "EXTRA_COMPILER_FLAGS=-mcpu=cortex-a9 -mfpu=vfpv3 -mfloat-abi=hard -nostartfiles -g -Wall -Wextra"
"Compiling ddrps"
"Running Make libs in ps7_cortexa9_0/libsrc/devcfg_v3_5/src"
make -C ps7_cortexa9_0/libsrc/devcfg_v3_5/src -s libs  "SHELL=CMD" "COMPILER=arm-none-eabi-gcc" "ARCHIVER=arm-none-eabi-ar" "COMPILER_FLAGS=  -O2 -c" "EXTRA_COMPILER_FLAGS=-mcpu=cortex-a9 -mfpu=vfpv3 -mfloat-abi=hard -nostartfiles -g -Wall -Wextra"
"Compiling devcfg"
"Running Make libs in ps7_cortexa9_0/libsrc/dmaps_v2_4/src"
make -C ps7_cortexa9_0/libsrc/dmaps_v2_4/src -s libs  "SHELL=CMD" "COMPILER=arm-none-eabi-gcc" "ARCHIVER=arm-none-eabi-ar" "COMPILER_FLAGS=  -O2 -c" "EXTRA_COMPILER_FLAGS=-mcpu=cortex-a9 -mfpu=vfpv3 -mfloat-abi=hard -nostartfiles -g -Wall -Wextra"
"Compiling dmaps"
"Running Make libs in ps7_cortexa9_0/libsrc/emacps_v3_8/src"
make -C ps7_cortexa9_0/libsrc/emacps_v3_8/src -s libs  "SHELL=CMD" "COMPILER=arm-none-eabi-gcc" "ARCHIVER=arm-none-eabi-ar" "COMPILER_FLAGS=  -O2 -c" "EXTRA_COMPILER_FLAGS=-mcpu=cortex-a9 -mfpu=vfpv3 -mfloat-abi=hard -nostartfiles -g -Wall -Wextra"
"Compiling emacps"
"Running Make libs in ps7_cortexa9_0/libsrc/FFT_Butterfly_Axi_Lite_v1_0/src"
make -C ps7_cortexa9_0/libsrc/FFT_Butterfly_Axi_Lite_v1_0/src -s libs  "SHELL=CMD" "COMPILER=arm-none-eabi-gcc" "ARCHIVER=arm-none-eabi-ar" "COMPILER_FLAGS=  -O2 -c" "EXTRA_COMPILER_FLAGS=-mcpu=cortex-a9 -mfpu=vfpv3 -mfloat-abi=hard -nostartfiles -g -Wall -Wextra"
"Compiling FFT_Butterfly_Axi_Lite..."
FFT_Butterfly_Axi_Lite_selftest.c: In function 'FFT_BUTTERFLY_AXI_LITE_Reg_SelfTest':
FFT_Butterfly_Axi_Lite_selftest.c:52:71: warning: comparison between signed and unsigned integer expressions [-Wsign-compare]
    if ( FFT_BUTTERFLY_AXI_LITE_mReadReg (baseaddr, read_loop_index*4) != (read_loop_index+1)*READ_WRITE_MUL_FACTOR){
                                                                       ^~
FFT_Butterfly_Axi_Lite_selftest.c:36:6: warning: unused variable 'Index' [-Wunused-variable]
  int Index;
      ^~~~~
"Running Make libs in ps7_cortexa9_0/libsrc/gpiops_v3_4/src"
make -C ps7_cortexa9_0/libsrc/gpiops_v3_4/src -s libs  "SHELL=CMD" "COMPILER=arm-none-eabi-gcc" "ARCHIVER=arm-none-eabi-ar" "COMPILER_FLAGS=  -O2 -c" "EXTRA_COMPILER_FLAGS=-mcpu=cortex-a9 -mfpu=vfpv3 -mfloat-abi=hard -nostartfiles -g -Wall -Wextra"
"Compiling gpiops"
"Running Make libs in ps7_cortexa9_0/libsrc/qspips_v3_5/src"
make -C ps7_cortexa9_0/libsrc/qspips_v3_5/src -s libs  "SHELL=CMD" "COMPILER=arm-none-eabi-gcc" "ARCHIVER=arm-none-eabi-ar" "COMPILER_FLAGS=  -O2 -c" "EXTRA_COMPILER_FLAGS=-mcpu=cortex-a9 -mfpu=vfpv3 -mfloat-abi=hard -nostartfiles -g -Wall -Wextra"
"Compiling qspips"
"Running Make libs in ps7_cortexa9_0/libsrc/scugic_v3_10/src"
make -C ps7_cortexa9_0/libsrc/scugic_v3_10/src -s libs  "SHELL=CMD" "COMPILER=arm-none-eabi-gcc" "ARCHIVER=arm-none-eabi-ar" "COMPILER_FLAGS=  -O2 -c" "EXTRA_COMPILER_FLAGS=-mcpu=cortex-a9 -mfpu=vfpv3 -mfloat-abi=hard -nostartfiles -g -Wall -Wextra"
"Compiling scugic"
"Running Make libs in ps7_cortexa9_0/libsrc/scutimer_v2_1/src"
make -C ps7_cortexa9_0/libsrc/scutimer_v2_1/src -s libs  "SHELL=CMD" "COMPILER=arm-none-eabi-gcc" "ARCHIVER=arm-none-eabi-ar" "COMPILER_FLAGS=  -O2 -c" "EXTRA_COMPILER_FLAGS=-mcpu=cortex-a9 -mfpu=vfpv3 -mfloat-abi=hard -nostartfiles -g -Wall -Wextra"
"Compiling scutimer"
"Running Make libs in ps7_cortexa9_0/libsrc/scuwdt_v2_1/src"
make -C ps7_cortexa9_0/libsrc/scuwdt_v2_1/src -s libs  "SHELL=CMD" "COMPILER=arm-none-eabi-gcc" "ARCHIVER=arm-none-eabi-ar" "COMPILER_FLAGS=  -O2 -c" "EXTRA_COMPILER_FLAGS=-mcpu=cortex-a9 -mfpu=vfpv3 -mfloat-abi=hard -nostartfiles -g -Wall -Wextra"
"Compiling scuwdt"
"Running Make libs in ps7_cortexa9_0/libsrc/sdps_v3_6/src"
make -C ps7_cortexa9_0/libsrc/sdps_v3_6/src -s libs  "SHELL=CMD" "COMPILER=arm-none-eabi-gcc" "ARCHIVER=arm-none-eabi-ar" "COMPILER_FLAGS=  -O2 -c" "EXTRA_COMPILER_FLAGS=-mcpu=cortex-a9 -mfpu=vfpv3 -mfloat-abi=hard -nostartfiles -g -Wall -Wextra"
"Compiling sdps"
"Running Make libs in ps7_cortexa9_0/libsrc/standalone_v6_8/src"
make -C ps7_cortexa9_0/libsrc/standalone_v6_8/src -s libs  "SHELL=CMD" "COMPILER=arm-none-eabi-gcc" "ARCHIVER=arm-none-eabi-ar" "COMPILER_FLAGS=  -O2 -c" "EXTRA_COMPILER_FLAGS=-mcpu=cortex-a9 -mfpu=vfpv3 -mfloat-abi=hard -nostartfiles -g -Wall -Wextra"
"Compiling standalone"
In file included from usleep.c:56:0:
xtime_l.h:87:9: note: #pragma message: For the sleep routines, Global timer is being used
 #pragma message ("For the sleep routines, Global timer is being used")
         ^~~~~~~
In file included from xil_sleeptimer.c:51:0:
xtime_l.h:87:9: note: #pragma message: For the sleep routines, Global timer is being used
 #pragma message ("For the sleep routines, Global timer is being used")
         ^~~~~~~
In file included from xtime_l.c:49:0:
xtime_l.h:87:9: note: #pragma message: For the sleep routines, Global timer is being used
 #pragma message ("For the sleep routines, Global timer is being used")
         ^~~~~~~
In file included from sleep.c:53:0:
xtime_l.h:87:9: note: #pragma message: For the sleep routines, Global timer is being used
 #pragma message ("For the sleep routines, Global timer is being used")
         ^~~~~~~
"Running Make libs in ps7_cortexa9_0/libsrc/ttcps_v3_7/src"
make -C ps7_cortexa9_0/libsrc/ttcps_v3_7/src -s libs  "SHELL=CMD" "COMPILER=arm-none-eabi-gcc" "ARCHIVER=arm-none-eabi-ar" "COMPILER_FLAGS=  -O2 -c" "EXTRA_COMPILER_FLAGS=-mcpu=cortex-a9 -mfpu=vfpv3 -mfloat-abi=hard -nostartfiles -g -Wall -Wextra"
"Compiling ttcps"
"Running Make libs in ps7_cortexa9_0/libsrc/uartps_v3_7/src"
make -C ps7_cortexa9_0/libsrc/uartps_v3_7/src -s libs  "SHELL=CMD" "COMPILER=arm-none-eabi-gcc" "ARCHIVER=arm-none-eabi-ar" "COMPILER_FLAGS=  -O2 -c" "EXTRA_COMPILER_FLAGS=-mcpu=cortex-a9 -mfpu=vfpv3 -mfloat-abi=hard -nostartfiles -g -Wall -Wextra"
"Compiling uartps"
"Running Make libs in ps7_cortexa9_0/libsrc/usbps_v2_4/src"
make -C ps7_cortexa9_0/libsrc/usbps_v2_4/src -s libs  "SHELL=CMD" "COMPILER=arm-none-eabi-gcc" "ARCHIVER=arm-none-eabi-ar" "COMPILER_FLAGS=  -O2 -c" "EXTRA_COMPILER_FLAGS=-mcpu=cortex-a9 -mfpu=vfpv3 -mfloat-abi=hard -nostartfiles -g -Wall -Wextra"
"Compiling usbps"
"Running Make libs in ps7_cortexa9_0/libsrc/xadcps_v2_3/src"
make -C ps7_cortexa9_0/libsrc/xadcps_v2_3/src -s libs  "SHELL=CMD" "COMPILER=arm-none-eabi-gcc" "ARCHIVER=arm-none-eabi-ar" "COMPILER_FLAGS=  -O2 -c" "EXTRA_COMPILER_FLAGS=-mcpu=cortex-a9 -mfpu=vfpv3 -mfloat-abi=hard -nostartfiles -g -Wall -Wextra"
"Compiling xadcps"
'Finished building libraries'
21:10:19 **** Build of configuration Debug for project FFT_Butterfly_Axi_Lite_App ****
make pre-build main-build 
a9-linaro-pre-build-step
' '
'Building file: ../src/main.cc'
'Invoking: ARM v7 g++ compiler'
arm-none-eabi-g++ -Wall -O0 -g3 -c -fmessage-length=0 -MT"src/main.o" -mcpu=cortex-a9 -mfpu=vfpv3 -mfloat-abi=hard -I../../FFT_Butterfly_Axi_Lite_App_bsp/ps7_cortexa9_0/include -MMD -MP -MF"src/main.d" -MT"src/main.o" -o "src/main.o" "../src/main.cc"
'Finished building: ../src/main.cc'
' '
'Building target: FFT_Butterfly_Axi_Lite_App.elf'
'Invoking: ARM v7 g++ linker'
arm-none-eabi-g++ -mcpu=cortex-a9 -mfpu=vfpv3 -mfloat-abi=hard -Wl,-build-id=none -specs=Xilinx.spec -Wl,-T -Wl,../src/lscript.ld -L../../FFT_Butterfly_Axi_Lite_App_bsp/ps7_cortexa9_0/lib -o "FFT_Butterfly_Axi_Lite_App.elf"  ./src/main.o   -Wl,--start-group,-lxil,-lgcc,-lc,-lstdc++,--end-group
'Finished building target: FFT_Butterfly_Axi_Lite_App.elf'
' '
'Invoking: ARM v7 Print Size'
arm-none-eabi-size FFT_Butterfly_Axi_Lite_App.elf  |tee "FFT_Butterfly_Axi_Lite_App.elf.size"
   text	   data	    bss	    dec	    hex	filename
  19024	   1144	  22576	  42744	   a6f8	FFT_Butterfly_Axi_Lite_App.elf
'Finished building: FFT_Butterfly_Axi_Lite_App.elf.size'
' '
21:10:21 **** Auto Build of configuration Debug for project FFT_Butterfly_Axi_Lite_App ****
make pre-build main-build 
a9-linaro-pre-build-step
' '
make: Nothing to be done for 'main-build'.
21:27:53 **** Auto Build of configuration Debug for project FFT_Butterfly_Axi_Lite_App ****
make pre-build main-build 
a9-linaro-pre-build-step
' '
'Building file: ../src/main.cc'
'Invoking: ARM v7 g++ compiler'
arm-none-eabi-g++ -Wall -O0 -g3 -c -fmessage-length=0 -MT"src/main.o" -mcpu=cortex-a9 -mfpu=vfpv3 -mfloat-abi=hard -I../../FFT_Butterfly_Axi_Lite_App_bsp/ps7_cortexa9_0/include -MMD -MP -MF"src/main.d" -MT"src/main.o" -o "src/main.o" "../src/main.cc"
../src/main.cc: In function 'int main()':
../src/main.cc:14:2: error: 'int16' was not declared in this scope
  int16 Data_Input[15] = {1,0,1,0,1,0,1,0,1,0,1,0,1,0,1,0};
  ^~~~~
../src/main.cc:14:2: note: suggested alternative: 'int16_t'
  int16 Data_Input[15] = {1,0,1,0,1,0,1,0,1,0,1,0,1,0,1,0};
  ^~~~~
  int16_t
../src/main.cc:15:2: error: 'int32' was not declared in this scope
  int32 Data_Output[15];
  ^~~~~
../src/main.cc:15:2: note: suggested alternative: 'sint32'
  int32 Data_Output[15];
  ^~~~~
  sint32
In file included from ../src/main.cc:1:0:
../../FFT_Butterfly_Axi_Lite_App_bsp/ps7_cortexa9_0/include/FFT_Butterfly_Axi_Lite.h:35:4: error: 'Xil_Out32' was not declared in this scope
    Xil_Out32((BaseAddress) + (RegOffset), (u32)(Data))
    ^
../src/main.cc:16:2: note: in expansion of macro 'FFT_BUTTERFLY_AXI_LITE_mWriteReg'
  FFT_BUTTERFLY_AXI_LITE_mWriteReg(FFT_BUTTERFLY_AXI_LITE_S00_AXI_BASE_ADRESS,FFT_BUTTERFLY_AXI_LITE_S00_AXI_SLV_REG2_OFFSET,1);
  ^~~~~~~~~~~~~~~~~~~~~~~~~~~~~~~~
../src/main.cc:17:6: error: 'i' was not declared in this scope
  for(i=0;i <= 15; i++){
      ^
In file included from ../src/main.cc:1:0:
../src/main.cc:18:126: error: 'Data_Input' was not declared in this scope
   FFT_BUTTERFLY_AXI_LITE_mWriteReg(FFT_BUTTERFLY_AXI_LITE_S00_AXI_BASE_ADRESS,FFT_BUTTERFLY_AXI_LITE_S00_AXI_SLV_REG0_OFFSET,Data_Input[i]);
                                                                                                                              ^
../../FFT_Butterfly_Axi_Lite_App_bsp/ps7_cortexa9_0/include/FFT_Butterfly_Axi_Lite.h:35:49: note: in definition of macro 'FFT_BUTTERFLY_AXI_LITE_mWriteReg'
    Xil_Out32((BaseAddress) + (RegOffset), (u32)(Data))
                                                 ^~~~
../src/main.cc:20:6: error: 'i' was not declared in this scope
  for(i=0; i <= 15;i++){
      ^
../src/main.cc:21:3: error: 'Data_Output' was not declared in this scope
   Data_Output[i] = FFT_BUTTERFLY_AXI_LITE_mReadReg(FFT_BUTTERFLY_AXI_LITE_S00_AXI_BASE_ADRESS, FFT_BUTTERFLY_AXI_LITE_S00_AXI_SLV_REG1_OFFSET);
   ^~~~~~~~~~~
In file included from ../src/main.cc:1:0:
../../FFT_Butterfly_Axi_Lite_App_bsp/ps7_cortexa9_0/include/FFT_Butterfly_Axi_Lite.h:55:5: error: 'Xil_In32' was not declared in this scope
     Xil_In32((BaseAddress) + (RegOffset))
     ^
../src/main.cc:21:20: note: in expansion of macro 'FFT_BUTTERFLY_AXI_LITE_mReadReg'
   Data_Output[i] = FFT_BUTTERFLY_AXI_LITE_mReadReg(FFT_BUTTERFLY_AXI_LITE_S00_AXI_BASE_ADRESS, FFT_BUTTERFLY_AXI_LITE_S00_AXI_SLV_REG1_OFFSET);
                    ^~~~~~~~~~~~~~~~~~~~~~~~~~~~~~~
../src/main.cc:13:6: warning: unused variable 'result' [-Wunused-variable]
  u32 result;
      ^~~~~~
make: *** [src/subdir.mk:23: src/main.o] Error 1
21:28:29 **** Auto Build of configuration Debug for project FFT_Butterfly_Axi_Lite_App ****
make pre-build main-build 
a9-linaro-pre-build-step
' '
'Building file: ../src/main.cc'
'Invoking: ARM v7 g++ compiler'
arm-none-eabi-g++ -Wall -O0 -g3 -c -fmessage-length=0 -MT"src/main.o" -mcpu=cortex-a9 -mfpu=vfpv3 -mfloat-abi=hard -I../../FFT_Butterfly_Axi_Lite_App_bsp/ps7_cortexa9_0/include -MMD -MP -MF"src/main.d" -MT"src/main.o" -o "src/main.o" "../src/main.cc"
../src/main.cc:14:2: warning: character constant too long for its type
  'int16' Data_Input[15] = {1,0,1,0,1,0,1,0,1,0,1,0,1,0,1,0};
  ^~~~~~~
../src/main.cc:15:2: warning: character constant too long for its type
  'int32' Data_Output[15];
  ^~~~~~~
../src/main.cc: In function 'int main()':
../src/main.cc:14:10: error: expected ';' before 'Data_Input'
  'int16' Data_Input[15] = {1,0,1,0,1,0,1,0,1,0,1,0,1,0,1,0};
          ^~~~~~~~~~
../src/main.cc:14:60: warning: statement has no effect [-Wunused-value]
  'int16' Data_Input[15] = {1,0,1,0,1,0,1,0,1,0,1,0,1,0,1,0};
                                                            ^
../src/main.cc:15:10: error: expected ';' before 'Data_Output'
  'int32' Data_Output[15];
          ^~~~~~~~~~~
../src/main.cc:15:25: warning: statement has no effect [-Wunused-value]
  'int32' Data_Output[15];
                         ^
In file included from ../src/main.cc:1:0:
../../FFT_Butterfly_Axi_Lite_App_bsp/ps7_cortexa9_0/include/FFT_Butterfly_Axi_Lite.h:35:4: error: 'Xil_Out32' was not declared in this scope
    Xil_Out32((BaseAddress) + (RegOffset), (u32)(Data))
    ^
../src/main.cc:16:2: note: in expansion of macro 'FFT_BUTTERFLY_AXI_LITE_mWriteReg'
  FFT_BUTTERFLY_AXI_LITE_mWriteReg(FFT_BUTTERFLY_AXI_LITE_S00_AXI_BASE_ADRESS,FFT_BUTTERFLY_AXI_LITE_S00_AXI_SLV_REG2_OFFSET,1);
  ^~~~~~~~~~~~~~~~~~~~~~~~~~~~~~~~
../src/main.cc:17:6: error: 'i' was not declared in this scope
  for(i=0;i <= 15; i++){
      ^
In file included from ../src/main.cc:1:0:
../src/main.cc:18:126: error: 'Data_Input' was not declared in this scope
   FFT_BUTTERFLY_AXI_LITE_mWriteReg(FFT_BUTTERFLY_AXI_LITE_S00_AXI_BASE_ADRESS,FFT_BUTTERFLY_AXI_LITE_S00_AXI_SLV_REG0_OFFSET,Data_Input[i]);
                                                                                                                              ^
../../FFT_Butterfly_Axi_Lite_App_bsp/ps7_cortexa9_0/include/FFT_Butterfly_Axi_Lite.h:35:49: note: in definition of macro 'FFT_BUTTERFLY_AXI_LITE_mWriteReg'
    Xil_Out32((BaseAddress) + (RegOffset), (u32)(Data))
                                                 ^~~~
../src/main.cc:20:6: error: 'i' was not declared in this scope
  for(i=0; i <= 15;i++){
      ^
../src/main.cc:21:3: error: 'Data_Output' was not declared in this scope
   Data_Output[i] = FFT_BUTTERFLY_AXI_LITE_mReadReg(FFT_BUTTERFLY_AXI_LITE_S00_AXI_BASE_ADRESS, FFT_BUTTERFLY_AXI_LITE_S00_AXI_SLV_REG1_OFFSET);
   ^~~~~~~~~~~
In file included from ../src/main.cc:1:0:
../../FFT_Butterfly_Axi_Lite_App_bsp/ps7_cortexa9_0/include/FFT_Butterfly_Axi_Lite.h:55:5: error: 'Xil_In32' was not declared in this scope
     Xil_In32((BaseAddress) + (RegOffset))
     ^
../src/main.cc:21:20: note: in expansion of macro 'FFT_BUTTERFLY_AXI_LITE_mReadReg'
   Data_Output[i] = FFT_BUTTERFLY_AXI_LITE_mReadReg(FFT_BUTTERFLY_AXI_LITE_S00_AXI_BASE_ADRESS, FFT_BUTTERFLY_AXI_LITE_S00_AXI_SLV_REG1_OFFSET);
                    ^~~~~~~~~~~~~~~~~~~~~~~~~~~~~~~
../src/main.cc:13:6: warning: unused variable 'result' [-Wunused-variable]
  u32 result;
      ^~~~~~
make: *** [src/subdir.mk:23: src/main.o] Error 1
21:29:24 **** Auto Build of configuration Debug for project FFT_Butterfly_Axi_Lite_App ****
make pre-build main-build 
a9-linaro-pre-build-step
' '
'Building file: ../src/main.cc'
'Invoking: ARM v7 g++ compiler'
arm-none-eabi-g++ -Wall -O0 -g3 -c -fmessage-length=0 -MT"src/main.o" -mcpu=cortex-a9 -mfpu=vfpv3 -mfloat-abi=hard -I../../FFT_Butterfly_Axi_Lite_App_bsp/ps7_cortexa9_0/include -MMD -MP -MF"src/main.d" -MT"src/main.o" -o "src/main.o" "../src/main.cc"
../src/main.cc: In function 'int main()':
../src/main.cc:16:2: error: 'int16' was not declared in this scope
  int16 Data_Input[15] = {1,0,1,0,1,0,1,0,1,0,1,0,1,0,1,0};
  ^~~~~
../src/main.cc:16:2: note: suggested alternative: 'int16_t'
  int16 Data_Input[15] = {1,0,1,0,1,0,1,0,1,0,1,0,1,0,1,0};
  ^~~~~
  int16_t
../src/main.cc:17:2: error: 'int32' was not declared in this scope
  int32 Data_Output[15];
  ^~~~~
../src/main.cc:17:2: note: suggested alternative: 'sint32'
  int32 Data_Output[15];
  ^~~~~
  sint32
../src/main.cc:19:6: error: 'i' was not declared in this scope
  for(i=0;i <= 15; i++){
      ^
In file included from ../src/main.cc:1:0:
../src/main.cc:20:126: error: 'Data_Input' was not declared in this scope
   FFT_BUTTERFLY_AXI_LITE_mWriteReg(FFT_BUTTERFLY_AXI_LITE_S00_AXI_BASE_ADRESS,FFT_BUTTERFLY_AXI_LITE_S00_AXI_SLV_REG0_OFFSET,Data_Input[i]);
                                                                                                                              ^
../../FFT_Butterfly_Axi_Lite_App_bsp/ps7_cortexa9_0/include/FFT_Butterfly_Axi_Lite.h:35:49: note: in definition of macro 'FFT_BUTTERFLY_AXI_LITE_mWriteReg'
    Xil_Out32((BaseAddress) + (RegOffset), (u32)(Data))
                                                 ^~~~
../src/main.cc:22:6: error: 'i' was not declared in this scope
  for(i=0; i <= 15;i++){
      ^
../src/main.cc:23:3: error: 'Data_Output' was not declared in this scope
   Data_Output[i] = FFT_BUTTERFLY_AXI_LITE_mReadReg(FFT_BUTTERFLY_AXI_LITE_S00_AXI_BASE_ADRESS, FFT_BUTTERFLY_AXI_LITE_S00_AXI_SLV_REG1_OFFSET);
   ^~~~~~~~~~~
../src/main.cc:15:6: warning: unused variable 'result' [-Wunused-variable]
  u32 result;
      ^~~~~~
make: *** [src/subdir.mk:23: src/main.o] Error 1
21:29:39 **** Auto Build of configuration Debug for project FFT_Butterfly_Axi_Lite_App ****
make pre-build main-build 
a9-linaro-pre-build-step
' '
'Building file: ../src/main.cc'
'Invoking: ARM v7 g++ compiler'
arm-none-eabi-g++ -Wall -O0 -g3 -c -fmessage-length=0 -MT"src/main.o" -mcpu=cortex-a9 -mfpu=vfpv3 -mfloat-abi=hard -I../../FFT_Butterfly_Axi_Lite_App_bsp/ps7_cortexa9_0/include -MMD -MP -MF"src/main.d" -MT"src/main.o" -o "src/main.o" "../src/main.cc"
../src/main.cc: In function 'int main()':
../src/main.cc:16:59: error: too many initializers for 'int16_t [15] {aka short int [15]}'
  int16_t Data_Input[15] = {1,0,1,0,1,0,1,0,1,0,1,0,1,0,1,0};
                                                           ^
../src/main.cc:19:6: error: 'i' was not declared in this scope
  for(i=0;i <= 15; i++){
      ^
../src/main.cc:22:6: error: 'i' was not declared in this scope
  for(i=0; i <= 15;i++){
      ^
../src/main.cc:15:6: warning: unused variable 'result' [-Wunused-variable]
  u32 result;
      ^~~~~~
make: *** [src/subdir.mk:23: src/main.o] Error 1
21:30:06 **** Auto Build of configuration Debug for project FFT_Butterfly_Axi_Lite_App ****
make pre-build main-build 
a9-linaro-pre-build-step
' '
'Building file: ../src/main.cc'
'Invoking: ARM v7 g++ compiler'
arm-none-eabi-g++ -Wall -O0 -g3 -c -fmessage-length=0 -MT"src/main.o" -mcpu=cortex-a9 -mfpu=vfpv3 -mfloat-abi=hard -I../../FFT_Butterfly_Axi_Lite_App_bsp/ps7_cortexa9_0/include -MMD -MP -MF"src/main.d" -MT"src/main.o" -o "src/main.o" "../src/main.cc"
../src/main.cc: In function 'int main()':
../src/main.cc:19:6: error: 'i' was not declared in this scope
  for(i=0;i <= 15; i++){
      ^
../src/main.cc:22:6: error: 'i' was not declared in this scope
  for(i=0; i <= 15;i++){
      ^
../src/main.cc:15:6: warning: unused variable 'result' [-Wunused-variable]
  u32 result;
      ^~~~~~
make: *** [src/subdir.mk:23: src/main.o] Error 1
21:30:21 **** Auto Build of configuration Debug for project FFT_Butterfly_Axi_Lite_App ****
make pre-build main-build 
a9-linaro-pre-build-step
' '
'Building file: ../src/main.cc'
'Invoking: ARM v7 g++ compiler'
arm-none-eabi-g++ -Wall -O0 -g3 -c -fmessage-length=0 -MT"src/main.o" -mcpu=cortex-a9 -mfpu=vfpv3 -mfloat-abi=hard -I../../FFT_Butterfly_Axi_Lite_App_bsp/ps7_cortexa9_0/include -MMD -MP -MF"src/main.d" -MT"src/main.o" -o "src/main.o" "../src/main.cc"
../src/main.cc: In function 'int main()':
../src/main.cc:15:6: warning: unused variable 'result' [-Wunused-variable]
  u32 result;
      ^~~~~~
../src/main.cc:17:10: warning: variable 'Data_Output' set but not used [-Wunused-but-set-variable]
  int32_t Data_Output[16];
          ^~~~~~~~~~~
'Finished building: ../src/main.cc'
' '
'Building target: FFT_Butterfly_Axi_Lite_App.elf'
'Invoking: ARM v7 g++ linker'
arm-none-eabi-g++ -mcpu=cortex-a9 -mfpu=vfpv3 -mfloat-abi=hard -Wl,-build-id=none -specs=Xilinx.spec -Wl,-T -Wl,../src/lscript.ld -L../../FFT_Butterfly_Axi_Lite_App_bsp/ps7_cortexa9_0/lib -o "FFT_Butterfly_Axi_Lite_App.elf"  ./src/main.o   -Wl,--start-group,-lxil,-lgcc,-lc,-lstdc++,--end-group
'Finished building target: FFT_Butterfly_Axi_Lite_App.elf'
' '
'Invoking: ARM v7 Print Size'
arm-none-eabi-size FFT_Butterfly_Axi_Lite_App.elf  |tee "FFT_Butterfly_Axi_Lite_App.elf.size"
   text	   data	    bss	    dec	    hex	filename
  19352	   1144	  22576	  43072	   a840	FFT_Butterfly_Axi_Lite_App.elf
'Finished building: FFT_Butterfly_Axi_Lite_App.elf.size'
' '
11:50:29 **** Build of project FFT_Microblaze_App_bsp ****
make -k all 
"Running Make include in microblaze_0/libsrc/bram_v4_2/src"
make -C microblaze_0/libsrc/bram_v4_2/src -s include  "SHELL=CMD" "COMPILER=mb-gcc" "ARCHIVER=mb-ar" "COMPILER_FLAGS=  -O2 -c -mcpu=v11.0 -mlittle-endian -mxl-soft-mul" "EXTRA_COMPILER_FLAGS=-ffunction-sections -fdata-sections -Wall -Wextra"
"Running Make include in microblaze_0/libsrc/cpu_v2_8/src"
make -C microblaze_0/libsrc/cpu_v2_8/src -s include  "SHELL=CMD" "COMPILER=mb-gcc" "ARCHIVER=mb-ar" "COMPILER_FLAGS=  -O2 -c -mcpu=v11.0 -mlittle-endian -mxl-soft-mul" "EXTRA_COMPILER_FLAGS=-ffunction-sections -fdata-sections -Wall -Wextra"
"Running Make include in microblaze_0/libsrc/FFT_Butterfly_Axi_Lite_v1_0/src"
make -C microblaze_0/libsrc/FFT_Butterfly_Axi_Lite_v1_0/src -s include  "SHELL=CMD" "COMPILER=mb-gcc" "ARCHIVER=mb-ar" "COMPILER_FLAGS=  -O2 -c -mcpu=v11.0 -mlittle-endian -mxl-soft-mul" "EXTRA_COMPILER_FLAGS=-ffunction-sections -fdata-sections -Wall -Wextra"
"Running Make include in microblaze_0/libsrc/standalone_v6_8/src"
make -C microblaze_0/libsrc/standalone_v6_8/src -s include  "SHELL=CMD" "COMPILER=mb-gcc" "ARCHIVER=mb-ar" "COMPILER_FLAGS=  -O2 -c -mcpu=v11.0 -mlittle-endian -mxl-soft-mul" "EXTRA_COMPILER_FLAGS=-ffunction-sections -fdata-sections -Wall -Wextra"
"Running Make libs in microblaze_0/libsrc/bram_v4_2/src"
make -C microblaze_0/libsrc/bram_v4_2/src -s libs  "SHELL=CMD" "COMPILER=mb-gcc" "ARCHIVER=mb-ar" "COMPILER_FLAGS=  -O2 -c -mcpu=v11.0 -mlittle-endian -mxl-soft-mul" "EXTRA_COMPILER_FLAGS=-ffunction-sections -fdata-sections -Wall -Wextra"
"Compiling bram"
mb-ar: creating ../../../lib/libxil.a
"Running Make libs in microblaze_0/libsrc/cpu_v2_8/src"
make -C microblaze_0/libsrc/cpu_v2_8/src -s libs  "SHELL=CMD" "COMPILER=mb-gcc" "ARCHIVER=mb-ar" "COMPILER_FLAGS=  -O2 -c -mcpu=v11.0 -mlittle-endian -mxl-soft-mul" "EXTRA_COMPILER_FLAGS=-ffunction-sections -fdata-sections -Wall -Wextra"
"Compiling cpu"
"Running Make libs in microblaze_0/libsrc/FFT_Butterfly_Axi_Lite_v1_0/src"
make -C microblaze_0/libsrc/FFT_Butterfly_Axi_Lite_v1_0/src -s libs  "SHELL=CMD" "COMPILER=mb-gcc" "ARCHIVER=mb-ar" "COMPILER_FLAGS=  -O2 -c -mcpu=v11.0 -mlittle-endian -mxl-soft-mul" "EXTRA_COMPILER_FLAGS=-ffunction-sections -fdata-sections -Wall -Wextra"
"Compiling FFT_Butterfly_Axi_Lite..."
FFT_Butterfly_Axi_Lite_selftest.c: In function 'FFT_BUTTERFLY_AXI_LITE_Reg_SelfTest':
FFT_Butterfly_Axi_Lite_selftest.c:52:71: warning: comparison between signed and unsigned integer expressions [-Wsign-compare]
    if ( FFT_BUTTERFLY_AXI_LITE_mReadReg (baseaddr, read_loop_index*4) != (read_loop_index+1)*READ_WRITE_MUL_FACTOR){
                                                                       ^~
FFT_Butterfly_Axi_Lite_selftest.c:36:6: warning: unused variable 'Index' [-Wunused-variable]
  int Index;
      ^~~~~
"Running Make libs in microblaze_0/libsrc/standalone_v6_8/src"
make -C microblaze_0/libsrc/standalone_v6_8/src -s libs  "SHELL=CMD" "COMPILER=mb-gcc" "ARCHIVER=mb-ar" "COMPILER_FLAGS=  -O2 -c -mcpu=v11.0 -mlittle-endian -mxl-soft-mul" "EXTRA_COMPILER_FLAGS=-ffunction-sections -fdata-sections -Wall -Wextra"
"Compiling standalone";
inbyte.c: In function 'inbyte':
inbyte.c:11:1: warning: control reaches end of non-void function [-Wreturn-type]
 }
 ^
outbyte.c: In function 'outbyte':
outbyte.c:11:19: warning: unused parameter 'c' [-Wunused-parameter]
 void outbyte(char c) {
                   ^
microblaze_sleep.c:77:9: note: #pragma message: For the sleep routines, assembly instructions are used
 #pragma message ("For the sleep routines, assembly instructions are used")
         ^~~~~~~
'Finished building libraries'

**** Build of configuration Debug for project FFT_Microblaze_App ****

Nothing to build for project FFT_Microblaze_App
11:51:35 **** Auto Build of configuration Debug for project FFT_Microblaze_App ****
make all 
'Building file: ../src/main.c'
'Invoking: MicroBlaze gcc compiler'
mb-gcc -Wall -O0 -g3 -c -fmessage-length=0 -MT"src/main.o" -I../../FFT_Microblaze_App_bsp/microblaze_0/include -mlittle-endian -mcpu=v11.0 -mxl-soft-mul -Wl,--no-relax -ffunction-sections -fdata-sections -MMD -MP -MF"src/main.d" -MT"src/main.o" -o "src/main.o" "../src/main.c"
'Finished building: ../src/main.c'
' '
'Building target: FFT_Microblaze_App.elf'
'Invoking: MicroBlaze gcc linker'
mb-gcc -Wl,-T -Wl,../src/lscript.ld -L../../FFT_Microblaze_App_bsp/microblaze_0/lib -mlittle-endian -mcpu=v11.0 -mxl-soft-mul -Wl,--no-relax -Wl,--gc-sections -o "FFT_Microblaze_App.elf"  ./src/main.o   -Wl,--start-group,-lxil,-lgcc,-lc,--end-group
e:/vivado_2018_3/sdk/2018.3/gnu/microblaze/nt/bin/../lib/gcc/microblaze-xilinx-elf/7.3.1/../../../../microblaze-xilinx-elf/lib/le/crtinit.o: In function `_crtinit':
(.text+0x78): undefined reference to `main'
collect2.exe: error: ld returned 1 exit status
make: *** [makefile:38: FFT_Microblaze_App.elf] Error 1
11:53:52 **** Auto Build of configuration Debug for project FFT_Microblaze_App ****
make all 
'Building file: ../src/main.c'
'Invoking: MicroBlaze gcc compiler'
mb-gcc -Wall -O0 -g3 -c -fmessage-length=0 -MT"src/main.o" -I../../FFT_Microblaze_App_bsp/microblaze_0/include -mlittle-endian -mcpu=v11.0 -mxl-soft-mul -Wl,--no-relax -ffunction-sections -fdata-sections -MMD -MP -MF"src/main.d" -MT"src/main.o" -o "src/main.o" "../src/main.c"
../src/main.c: In function 'main':
../src/main.c:17:10: warning: variable 'Data_Output' set but not used [-Wunused-but-set-variable]
  int32_t Data_Output[16];
          ^~~~~~~~~~~
../src/main.c:15:6: warning: unused variable 'result' [-Wunused-variable]
  u32 result;
      ^~~~~~
'Finished building: ../src/main.c'
' '
'Building target: FFT_Microblaze_App.elf'
'Invoking: MicroBlaze gcc linker'
mb-gcc -Wl,-T -Wl,../src/lscript.ld -L../../FFT_Microblaze_App_bsp/microblaze_0/lib -mlittle-endian -mcpu=v11.0 -mxl-soft-mul -Wl,--no-relax -Wl,--gc-sections -o "FFT_Microblaze_App.elf"  ./src/main.o   -Wl,--start-group,-lxil,-lgcc,-lc,--end-group
'Finished building target: FFT_Microblaze_App.elf'
' '
'Invoking: MicroBlaze Print Size'
mb-size FFT_Microblaze_App.elf  |tee "FFT_Microblaze_App.elf.size"
   text	   data	    bss	    dec	    hex	filename
   2396	    268	   3112	   5776	   1690	FFT_Microblaze_App.elf
'Finished building: FFT_Microblaze_App.elf.size'
' '
11:54:00 **** Clean-only build of configuration Debug for project FFT_Butterfly_Axi_Lite_App ****
make clean 
rm -rf  ./src/main.d  ./src/main.o  FFT_Butterfly_Axi_Lite_App.elf.size  FFT_Butterfly_Axi_Lite_App.elf
' '
11:54:00 **** Incremental Build of configuration Debug for project FFT_Butterfly_Axi_Lite_App ****
make pre-build main-build 
a9-linaro-pre-build-step
' '
'Building file: ../src/main.cc'
'Invoking: ARM v7 g++ compiler'
arm-none-eabi-g++ -Wall -O0 -g3 -c -fmessage-length=0 -MT"src/main.o" -mcpu=cortex-a9 -mfpu=vfpv3 -mfloat-abi=hard -I../../FFT_Butterfly_Axi_Lite_App_bsp/ps7_cortexa9_0/include -MMD -MP -MF"src/main.d" -MT"src/main.o" -o "src/main.o" "../src/main.cc"
../src/main.cc: In function 'int main()':
../src/main.cc:15:6: warning: unused variable 'result' [-Wunused-variable]
  u32 result;
      ^~~~~~
../src/main.cc:17:10: warning: variable 'Data_Output' set but not used [-Wunused-but-set-variable]
  int32_t Data_Output[16];
          ^~~~~~~~~~~
'Finished building: ../src/main.cc'
' '
'Building target: FFT_Butterfly_Axi_Lite_App.elf'
'Invoking: ARM v7 g++ linker'
arm-none-eabi-g++ -mcpu=cortex-a9 -mfpu=vfpv3 -mfloat-abi=hard -Wl,-build-id=none -specs=Xilinx.spec -Wl,-T -Wl,../src/lscript.ld -L../../FFT_Butterfly_Axi_Lite_App_bsp/ps7_cortexa9_0/lib -o "FFT_Butterfly_Axi_Lite_App.elf"  ./src/main.o   -Wl,--start-group,-lxil,-lgcc,-lc,-lstdc++,--end-group
'Finished building target: FFT_Butterfly_Axi_Lite_App.elf'
' '
'Invoking: ARM v7 Print Size'
arm-none-eabi-size FFT_Butterfly_Axi_Lite_App.elf  |tee "FFT_Butterfly_Axi_Lite_App.elf.size"
   text	   data	    bss	    dec	    hex	filename
  19352	   1144	  22576	  43072	   a840	FFT_Butterfly_Axi_Lite_App.elf
'Finished building: FFT_Butterfly_Axi_Lite_App.elf.size'
' '
11:54:03 **** Incremental Build of configuration Debug for project FFT_Microblaze_App ****
make all 
make: Nothing to be done for 'all'.
12:38:05 **** Auto Build of configuration Debug for project FFT_Microblaze_App ****
make all 
'Building file: ../src/main.c'
'Invoking: MicroBlaze gcc compiler'
mb-gcc -Wall -O0 -g3 -c -fmessage-length=0 -MT"src/main.o" -I../../FFT_Microblaze_App_bsp/microblaze_0/include -mlittle-endian -mcpu=v11.0 -mxl-soft-mul -Wl,--no-relax -ffunction-sections -fdata-sections -MMD -MP -MF"src/main.d" -MT"src/main.o" -o "src/main.o" "../src/main.c"
../src/main.c: In function 'main':
../src/main.c:17:10: warning: variable 'Data_Output' set but not used [-Wunused-but-set-variable]
  int32_t Data_Output[16];
          ^~~~~~~~~~~
../src/main.c:15:6: warning: unused variable 'result' [-Wunused-variable]
  u32 result;
      ^~~~~~
'Finished building: ../src/main.c'
' '
'Building target: FFT_Microblaze_App.elf'
'Invoking: MicroBlaze gcc linker'
mb-gcc -Wl,-T -Wl,../src/lscript.ld -L../../FFT_Microblaze_App_bsp/microblaze_0/lib -mlittle-endian -mcpu=v11.0 -mxl-soft-mul -Wl,--no-relax -Wl,--gc-sections -o "FFT_Microblaze_App.elf"  ./src/main.o   -Wl,--start-group,-lxil,-lgcc,-lc,--end-group
'Finished building target: FFT_Microblaze_App.elf'
' '
'Invoking: MicroBlaze Print Size'
mb-size FFT_Microblaze_App.elf  |tee "FFT_Microblaze_App.elf.size"
   text	   data	    bss	    dec	    hex	filename
   2420	    268	   3112	   5800	   16a8	FFT_Microblaze_App.elf
'Finished building: FFT_Microblaze_App.elf.size'
' '
12:38:14 **** Incremental Build of configuration Debug for project FFT_Butterfly_Axi_Lite_App ****
make pre-build main-build 
a9-linaro-pre-build-step
' '
make: Nothing to be done for 'main-build'.
12:38:15 **** Incremental Build of configuration Debug for project FFT_Microblaze_App ****
make all 
make: Nothing to be done for 'all'.
13:14:44 **** Auto Build of configuration Debug for project FFT_Microblaze_App ****
make all 
'Building file: ../src/main.c'
'Invoking: MicroBlaze gcc compiler'
mb-gcc -Wall -O0 -g3 -c -fmessage-length=0 -MT"src/main.o" -I../../FFT_Microblaze_App_bsp/microblaze_0/include -mlittle-endian -mcpu=v11.0 -mxl-soft-mul -Wl,--no-relax -ffunction-sections -fdata-sections -MMD -MP -MF"src/main.d" -MT"src/main.o" -o "src/main.o" "../src/main.c"
../src/main.c: In function 'main':
../src/main.c:17:10: warning: variable 'Data_Output' set but not used [-Wunused-but-set-variable]
  int32_t Data_Output[16];
          ^~~~~~~~~~~
../src/main.c:15:6: warning: unused variable 'result' [-Wunused-variable]
  u32 result;
      ^~~~~~
'Finished building: ../src/main.c'
' '
'Building target: FFT_Microblaze_App.elf'
'Invoking: MicroBlaze gcc linker'
mb-gcc -Wl,-T -Wl,../src/lscript.ld -L../../FFT_Microblaze_App_bsp/microblaze_0/lib -mlittle-endian -mcpu=v11.0 -mxl-soft-mul -Wl,--no-relax -Wl,--gc-sections -o "FFT_Microblaze_App.elf"  ./src/main.o   -Wl,--start-group,-lxil,-lgcc,-lc,--end-group
'Finished building target: FFT_Microblaze_App.elf'
' '
'Invoking: MicroBlaze Print Size'
mb-size FFT_Microblaze_App.elf  |tee "FFT_Microblaze_App.elf.size"
   text	   data	    bss	    dec	    hex	filename
   2420	    268	   3112	   5800	   16a8	FFT_Microblaze_App.elf
'Finished building: FFT_Microblaze_App.elf.size'
' '
13:14:48 **** Incremental Build of configuration Debug for project FFT_Butterfly_Axi_Lite_App ****
make pre-build main-build 
a9-linaro-pre-build-step
' '
make: Nothing to be done for 'main-build'.
13:14:48 **** Incremental Build of configuration Debug for project FFT_Microblaze_App ****
make all 
make: Nothing to be done for 'all'.
13:16:21 **** Auto Build of configuration Debug for project FFT_Microblaze_App ****
make all 
'Building file: ../src/main.c'
'Invoking: MicroBlaze gcc compiler'
mb-gcc -Wall -O0 -g3 -c -fmessage-length=0 -MT"src/main.o" -I../../FFT_Microblaze_App_bsp/microblaze_0/include -mlittle-endian -mcpu=v11.0 -mxl-soft-mul -Wl,--no-relax -ffunction-sections -fdata-sections -MMD -MP -MF"src/main.d" -MT"src/main.o" -o "src/main.o" "../src/main.c"
../src/main.c: In function 'main':
../src/main.c:17:10: warning: variable 'Data_Output' set but not used [-Wunused-but-set-variable]
  int32_t Data_Output[16];
          ^~~~~~~~~~~
../src/main.c:15:6: warning: unused variable 'result' [-Wunused-variable]
  u32 result;
      ^~~~~~
'Finished building: ../src/main.c'
' '
'Building target: FFT_Microblaze_App.elf'
'Invoking: MicroBlaze gcc linker'
mb-gcc -Wl,-T -Wl,../src/lscript.ld -L../../FFT_Microblaze_App_bsp/microblaze_0/lib -mlittle-endian -mcpu=v11.0 -mxl-soft-mul -Wl,--no-relax -Wl,--gc-sections -o "FFT_Microblaze_App.elf"  ./src/main.o   -Wl,--start-group,-lxil,-lgcc,-lc,--end-group
'Finished building target: FFT_Microblaze_App.elf'
' '
'Invoking: MicroBlaze Print Size'
mb-size FFT_Microblaze_App.elf  |tee "FFT_Microblaze_App.elf.size"
   text	   data	    bss	    dec	    hex	filename
   2420	    268	   3112	   5800	   16a8	FFT_Microblaze_App.elf
'Finished building: FFT_Microblaze_App.elf.size'
' '
13:16:25 **** Incremental Build of configuration Debug for project FFT_Butterfly_Axi_Lite_App ****
make pre-build main-build 
a9-linaro-pre-build-step
' '
make: Nothing to be done for 'main-build'.
13:16:26 **** Incremental Build of configuration Debug for project FFT_Microblaze_App ****
make all 
make: Nothing to be done for 'all'.
15:49:13 **** Auto Build of configuration Debug for project FFT_Microblaze_App ****
make all 
'Building file: ../src/main.c'
'Invoking: MicroBlaze gcc compiler'
mb-gcc -Wall -O0 -g3 -c -fmessage-length=0 -MT"src/main.o" -I../../FFT_Microblaze_App_bsp/microblaze_0/include -mlittle-endian -mcpu=v11.0 -mxl-soft-mul -Wl,--no-relax -ffunction-sections -fdata-sections -MMD -MP -MF"src/main.d" -MT"src/main.o" -o "src/main.o" "../src/main.c"
../src/main.c: In function 'main':
../src/main.c:19:10: warning: variable 'Data_Output' set but not used [-Wunused-but-set-variable]
  int32_t Data_Output[16];
          ^~~~~~~~~~~
../src/main.c:17:6: warning: unused variable 'result' [-Wunused-variable]
  u32 result;
      ^~~~~~
'Finished building: ../src/main.c'
' '
'Building target: FFT_Microblaze_App.elf'
'Invoking: MicroBlaze gcc linker'
mb-gcc -Wl,-T -Wl,../src/lscript.ld -L../../FFT_Microblaze_App_bsp/microblaze_0/lib -mlittle-endian -mcpu=v11.0 -mxl-soft-mul -Wl,--no-relax -Wl,--gc-sections -o "FFT_Microblaze_App.elf"  ./src/main.o   -Wl,--start-group,-lxil,-lgcc,-lc,--end-group
'Finished building target: FFT_Microblaze_App.elf'
' '
'Invoking: MicroBlaze Print Size'
mb-size FFT_Microblaze_App.elf  |tee "FFT_Microblaze_App.elf.size"
   text	   data	    bss	    dec	    hex	filename
   2448	    268	   3108	   5824	   16c0	FFT_Microblaze_App.elf
'Finished building: FFT_Microblaze_App.elf.size'
' '
15:49:18 **** Incremental Build of configuration Debug for project FFT_Butterfly_Axi_Lite_App ****
make pre-build main-build 
a9-linaro-pre-build-step
' '
make: Nothing to be done for 'main-build'.
15:49:18 **** Incremental Build of configuration Debug for project FFT_Microblaze_App ****
make all 
make: Nothing to be done for 'all'.
